Component: Arm Compiler for Embedded 6.23 Tool: armlink [5f102400]

==============================================================================

Section Cross References

    main.o(.text) refers to system_gd32e23x.o(.text) for SystemCoreClockUpdate
    main.o(.text) refers to setup.o(.text) for Watchdog_init
    main.o(.text) refers to gd32e23x_gpio.o(.text) for gpio_bit_write
    main.o(.text) refers to gd32e23x_fwdgt.o(.text) for fwdgt_counter_reload
    main.o(.text) refers to it.o(.text) for Delay
    main.o(.text) refers to remotedummy.o(.text) for RemoteUpdate
    main.o(.text) refers to dflti.o(.text) for __aeabi_i2d
    main.o(.text) refers to dcmpge.o(.text) for __aeabi_dcmpge
    main.o(.text) refers to fflti.o(.text) for __aeabi_i2f
    main.o(.text) refers to f2d.o(.text) for __aeabi_f2d
    main.o(.text) refers to dmul.o(.text) for __aeabi_dmul
    main.o(.text) refers to ddiv.o(.text) for __aeabi_ddiv
    main.o(.text) refers to dadd.o(.text) for __aeabi_dadd
    main.o(.text) refers to d2f.o(.text) for __aeabi_d2f
    main.o(.text) refers to fmul.o(.text) for __aeabi_fmul
    main.o(.text) refers to ffixi.o(.text) for __aeabi_f2iz
    main.o(.text) refers to fadd.o(.text) for __aeabi_fadd
    main.o(.text) refers to fdiv.o(.text) for __aeabi_fdiv
    main.o(.text) refers to fcmplt.o(.text) for __aeabi_fcmplt
    main.o(.text) refers to fcmple.o(.text) for __aeabi_fcmple
    main.o(.text) refers to fcmpge.o(.text) for __aeabi_fcmpge
    main.o(.text) refers to bldc.o(.text) for SetPWM
    main.o(.text) refers to system_gd32e23x.o(.data.SystemCoreClock) for SystemCoreClock
    main.o(.text) refers to main.o(.bss.iTimeNextLoop) for iTimeNextLoop
    main.o(.text) refers to main.o(.bss.steerCounter) for steerCounter
    main.o(.text) refers to main.o(.bss.speed) for speed
    main.o(.text) refers to main.o(.data.speedLimit) for speedLimit
    main.o(.text) refers to main.o(.bss.steer) for steer
    main.o(.text) refers to commsmasterslave.o(.text) for SendSlave
    main.o(.text) refers to dcmple.o(.text) for __aeabi_dcmple
    main.o(.text) refers to main.o(.rodata.lookUpTableAngle) for lookUpTableAngle
    main.o(.text) refers to main.o(.bss.pwmSlave) for pwmSlave
    main.o(.text) refers to main.o(.bss.enable) for enable
    main.o(.text) refers to it.o(.bss.timedOut) for timedOut
    main.o(.text) refers to main.o(.data.wStateSlave) for wStateSlave
    main.o(.text) refers to bldc.o(.data.batteryVoltage) for batteryVoltage
    main.o(.text) refers to main.o(.data.beepsBackwards) for beepsBackwards
    main.o(.text) refers to main.o(.bss.inactivity_timeout_counter) for inactivity_timeout_counter
    main.o(.text) refers to main.o(.data.wState) for wState
    main.o(.text) refers to gd32e23x_usart.o(.text) for usart_deinit
    main.o(.ARM.exidx) refers to main.o(.text) for [Anonymous Symbol]
    bldc.o(.text) refers to bldc.o(.bss.bldc_enable) for bldc_enable
    bldc.o(.text) refers to dflti.o(.text) for __aeabi_i2d
    bldc.o(.text) refers to dmul.o(.text) for __aeabi_dmul
    bldc.o(.text) refers to dcmple.o(.text) for __aeabi_dcmple
    bldc.o(.text) refers to dcmpge.o(.text) for __aeabi_dcmpge
    bldc.o(.text) refers to dfixi.o(.text) for __aeabi_d2iz
    bldc.o(.text) refers to bldc.o(.bss.bldc_inputFilterPwm) for bldc_inputFilterPwm
    bldc.o(.text) refers to f2d.o(.text) for __aeabi_f2d
    bldc.o(.text) refers to ffltui.o(.text) for __aeabi_ui2f
    bldc.o(.text) refers to dadd.o(.text) for __aeabi_dadd
    bldc.o(.text) refers to d2f.o(.text) for __aeabi_d2f
    bldc.o(.text) refers to fcmpgt.o(.text) for __aeabi_fcmpgt
    bldc.o(.text) refers to gd32e23x_timer.o(.text) for timer_automatic_output_disable
    bldc.o(.text) refers to gd32e23x_gpio.o(.text) for gpio_input_bit_get
    bldc.o(.text) refers to fdiv.o(.text) for __aeabi_fdiv
    bldc.o(.text) refers to fadd.o(.text) for __aeabi_fsub
    bldc.o(.text) refers to bldc.o(.bss.offsetcount) for offsetcount
    bldc.o(.text) refers to bldc.o(.bss.buzzerTimer) for buzzerTimer
    bldc.o(.text) refers to bldc.o(.data.batteryVoltage) for batteryVoltage
    bldc.o(.text) refers to bldc.o(.bss.adc_buffer) for adc_buffer
    bldc.o(.text) refers to bldc.o(.data.offsetdc) for offsetdc
    bldc.o(.text) refers to bldc.o(.data.currentDC) for currentDC
    bldc.o(.text) refers to it.o(.bss.timedOut) for timedOut
    bldc.o(.text) refers to bldc.o(.bss.hall_a) for hall_a
    bldc.o(.text) refers to bldc.o(.bss.hall_b) for hall_b
    bldc.o(.text) refers to bldc.o(.bss.hall_c) for hall_c
    bldc.o(.text) refers to bldc.o(.bss.hall) for hall
    bldc.o(.text) refers to bldc.o(.rodata.hall_to_pos) for hall_to_pos
    bldc.o(.text) refers to bldc.o(.bss.pos) for pos
    bldc.o(.text) refers to bldc.o(.bss.filter_reg) for filter_reg
    bldc.o(.text) refers to bldc.o(.bss.bldc_outputFilterPwm) for bldc_outputFilterPwm
    bldc.o(.text) refers to bldc.o(.bss.iOdom) for iOdom
    bldc.o(.text) refers to bldc.o(.bss.lastPos) for lastPos
[...]
    __arm_cp.6_0                             0x08001abc   Number         4  commsmasterslave.o(.text)
    __arm_cp.6_1                             0x08001ac0   Number         4  commsmasterslave.o(.text)
    __arm_cp.6_2                             0x08001ac4   Number         4  commsmasterslave.o(.text)
    __arm_cp.6_3                             0x08001ac8   Number         4  commsmasterslave.o(.text)
    __arm_cp.6_4                             0x08001acc   Number         4  commsmasterslave.o(.text)
    [Anonymous Symbol]                       0x08001ad0   Section        0  gd32e23x_adc.o(.text)
    __arm_cp.0_0                             0x08001ae8   Number         4  gd32e23x_adc.o(.text)
    __arm_cp.1_0                             0x08001b04   Number         4  gd32e23x_adc.o(.text)
    __arm_cp.2_0                             0x08001b14   Number         4  gd32e23x_adc.o(.text)
    __arm_cp.3_0                             0x08001b50   Number         4  gd32e23x_adc.o(.text)
    __arm_cp.4_0                             0x08001b64   Number         4  gd32e23x_adc.o(.text)
    __arm_cp.5_0                             0x08001b78   Number         4  gd32e23x_adc.o(.text)
    __arm_cp.6_0                             0x08001b8c   Number         4  gd32e23x_adc.o(.text)
    __arm_cp.7_0                             0x08001ba0   Number         4  gd32e23x_adc.o(.text)
    __arm_cp.8_0                             0x08001c18   Number         4  gd32e23x_adc.o(.text)
    __arm_cp.9_0                             0x08001cc8   Number         4  gd32e23x_adc.o(.text)
    __arm_cp.9_1                             0x08001ccc   Number         4  gd32e23x_adc.o(.text)
    __arm_cp.10_0                            0x08001cfc   Number         4  gd32e23x_adc.o(.text)
    __arm_cp.11_0                            0x08001d60   Number         4  gd32e23x_adc.o(.text)
    __arm_cp.11_1                            0x08001d64   Number         4  gd32e23x_adc.o(.text)
    __arm_cp.11_2                            0x08001d68   Number         4  gd32e23x_adc.o(.text)
    __arm_cp.12_0                            0x08001eb4   Number         4  gd32e23x_adc.o(.text)
    __arm_cp.12_1                            0x08001eb8   Number         4  gd32e23x_adc.o(.text)
    __arm_cp.12_2                            0x08001ebc   Number         4  gd32e23x_adc.o(.text)
    __arm_cp.12_3                            0x08001ec0   Number         4  gd32e23x_adc.o(.text)
    __arm_cp.12_4                            0x08001ec4   Number         4  gd32e23x_adc.o(.text)
    __arm_cp.13_0                            0x08001f98   Number         4  gd32e23x_adc.o(.text)
    __arm_cp.13_1                            0x08001f9c   Number         4  gd32e23x_adc.o(.text)
    __arm_cp.13_2                            0x08001fa0   Number         4  gd32e23x_adc.o(.text)
    __arm_cp.14_0                            0x08001ff0   Number         4  gd32e23x_adc.o(.text)
    __arm_cp.14_1                            0x08001ff4   Number         4  gd32e23x_adc.o(.text)
    __arm_cp.14_2                            0x08001ff8   Number         4  gd32e23x_adc.o(.text)
    __arm_cp.15_0                            0x08002078   Number         4  gd32e23x_adc.o(.text)
    __arm_cp.16_0                            0x080020cc   Number         4  gd32e23x_adc.o(.text)
    __arm_cp.17_0                            0x0800210c   Number         4  gd32e23x_adc.o(.text)
    __arm_cp.18_0                            0x08002118   Number         4  gd32e23x_adc.o(.text)
    __arm_cp.19_0                            0x08002178   Number         4  gd32e23x_adc.o(.text)
    __arm_cp.19_1                            0x0800217c   Number         4  gd32e23x_adc.o(.text)
    __arm_cp.19_2                            0x08002180   Number         4  gd32e23x_adc.o(.text)
    __arm_cp.19_3                            0x08002184   Number         4  gd32e23x_adc.o(.text)
    __arm_cp.20_0                            0x080021b0   Number         4  gd32e23x_adc.o(.text)
    __arm_cp.21_0                            0x080021c8   Number         4  gd32e23x_adc.o(.text)
    __arm_cp.22_0                            0x0800226c   Number         4  gd32e23x_adc.o(.text)
    __arm_cp.22_1                            0x08002270   Number         4  gd32e23x_adc.o(.text)
    __arm_cp.23_0                            0x08002288   Number         4  gd32e23x_adc.o(.text)
    __arm_cp.24_0                            0x080022dc   Number         4  gd32e23x_adc.o(.text)
    __arm_cp.25_0                            0x08002330   Number         4  gd32e23x_adc.o(.text)
    __arm_cp.26_0                            0x0800235c   Number         4  gd32e23x_adc.o(.text)
    __arm_cp.26_1                            0x08002360   Number         4  gd32e23x_adc.o(.text)
    __arm_cp.26_2                            0x08002364   Number         4  gd32e23x_adc.o(.text)
    __arm_cp.27_0                            0x080023c4   Number         4  gd32e23x_adc.o(.text)
    __arm_cp.27_1                            0x080023c8   Number         4  gd32e23x_adc.o(.text)
    __arm_cp.28_0                            0x080023d8   Number         4  gd32e23x_adc.o(.text)
    __arm_cp.28_1                            0x080023dc   Number         4  gd32e23x_adc.o(.text)
    __arm_cp.29_0                            0x08002404   Number         4  gd32e23x_adc.o(.text)
    __arm_cp.29_1                            0x08002408   Number         4  gd32e23x_adc.o(.text)
    __arm_cp.29_2                            0x0800240c   Number         4  gd32e23x_adc.o(.text)
    __arm_cp.30_0                            0x0800242c   Number         4  gd32e23x_adc.o(.text)
    __arm_cp.31_0                            0x08002484   Number         4  gd32e23x_adc.o(.text)
    __arm_cp.32_0                            0x08002494   Number         4  gd32e23x_adc.o(.text)
    __arm_cp.33_0                            0x080024a4   Number         4  gd32e23x_adc.o(.text)
    [Anonymous Symbol]                       0x080024a8   Section        0  gd32e23x_dma.o(.text)
    __arm_cp.0_0                             0x08002500   Number         4  gd32e23x_dma.o(.text)
    __arm_cp.0_1                             0x08002504   Number         4  gd32e23x_dma.o(.text)
    __arm_cp.0_2                             0x08002508   Number         4  gd32e23x_dma.o(.text)
    __arm_cp.0_3                             0x0800250c   Number         4  gd32e23x_dma.o(.text)
    __arm_cp.0_4                             0x08002510   Number         4  gd32e23x_dma.o(.text)
    __arm_cp.2_0                             0x08002650   Number         4  gd32e23x_dma.o(.text)
    __arm_cp.2_1                             0x08002654   Number         4  gd32e23x_dma.o(.text)
    __arm_cp.2_2                             0x08002658   Number         4  gd32e23x_dma.o(.text)
    __arm_cp.2_3                             0x0800265c   Number         4  gd32e23x_dma.o(.text)
    __arm_cp.3_0                             0x0800267c   Number         4  gd32e23x_dma.o(.text)
    __arm_cp.4_0                             0x0800269c   Number         4  gd32e23x_dma.o(.text)
    __arm_cp.5_0                             0x080026bc   Number         4  gd32e23x_dma.o(.text)
    __arm_cp.6_0                             0x080026e0   Number         4  gd32e23x_dma.o(.text)
    __arm_cp.7_0                             0x08002704   Number         4  gd32e23x_dma.o(.text)
    __arm_cp.8_0                             0x08002724   Number         4  gd32e23x_dma.o(.text)
    __arm_cp.9_0                             0x08002748   Number         4  gd32e23x_dma.o(.text)
    __arm_cp.10_0                            0x0800276c   Number         4  gd32e23x_dma.o(.text)
    __arm_cp.11_0                            0x08002790   Number         4  gd32e23x_dma.o(.text)
    __arm_cp.12_0                            0x080027ac   Number         4  gd32e23x_dma.o(.text)
    __arm_cp.13_0                            0x080027e8   Number         4  gd32e23x_dma.o(.text)
    __arm_cp.14_0                            0x08002824   Number         4  gd32e23x_dma.o(.text)
    __arm_cp.15_0                            0x08002860   Number         4  gd32e23x_dma.o(.text)
    __arm_cp.16_0                            0x08002880   Number         4  gd32e23x_dma.o(.text)
    __arm_cp.17_0                            0x080028a0   Number         4  gd32e23x_dma.o(.text)
    __arm_cp.18_0                            0x080028c0   Number         4  gd32e23x_dma.o(.text)
    __arm_cp.19_0                            0x080028e0   Number         4  gd32e23x_dma.o(.text)
    __arm_cp.20_0                            0x08002920   Number         4  gd32e23x_dma.o(.text)
    __arm_cp.21_0                            0x08002958   Number         4  gd32e23x_dma.o(.text)
    __arm_cp.22_0                            0x0800297c   Number         4  gd32e23x_dma.o(.text)
    __arm_cp.23_0                            0x08002a3c   Number         4  gd32e23x_dma.o(.text)
    __arm_cp.23_1                            0x08002a40   Number         4  gd32e23x_dma.o(.text)
    __arm_cp.24_0                            0x08002a64   Number         4  gd32e23x_dma.o(.text)
    __arm_cp.25_0                            0x08002a88   Number         4  gd32e23x_dma.o(.text)
    __arm_cp.26_0                            0x08002aac   Number         4  gd32e23x_dma.o(.text)
    [Anonymous Symbol]                       0x08002ab0   Section        0  gd32e23x_fwdgt.o(.text)
    __arm_cp.0_0                             0x08002ab8   Number         4  gd32e23x_fwdgt.o(.text)
    __arm_cp.0_1                             0x08002abc   Number         4  gd32e23x_fwdgt.o(.text)
    __arm_cp.1_0                             0x08002ac8   Number         4  gd32e23x_fwdgt.o(.text)
    __arm_cp.2_0                             0x08002ad4   Number         4  gd32e23x_fwdgt.o(.text)
    __arm_cp.2_1                             0x08002ad8   Number         4  gd32e23x_fwdgt.o(.text)
    __arm_cp.3_0                             0x08002b48   Number         4  gd32e23x_fwdgt.o(.text)
    __arm_cp.3_1                             0x08002b4c   Number         4  gd32e23x_fwdgt.o(.text)
    __arm_cp.3_2                             0x08002b50   Number         4  gd32e23x_fwdgt.o(.text)
    __arm_cp.3_3                             0x08002b54   Number         4  gd32e23x_fwdgt.o(.text)
    __arm_cp.3_4                             0x08002b58   Number         4  gd32e23x_fwdgt.o(.text)
    __arm_cp.4_0                             0x08002bcc   Number         4  gd32e23x_fwdgt.o(.text)
    __arm_cp.4_1                             0x08002bd0   Number         4  gd32e23x_fwdgt.o(.text)
    __arm_cp.4_2                             0x08002bd4   Number         4  gd32e23x_fwdgt.o(.text)
    __arm_cp.4_3                             0x08002bd8   Number         4  gd32e23x_fwdgt.o(.text)
    __arm_cp.4_4                             0x08002bdc   Number         4  gd32e23x_fwdgt.o(.text)
    __arm_cp.4_5                             0x08002be0   Number         4  gd32e23x_fwdgt.o(.text)
    __arm_cp.5_0                             0x08002c54   Number         4  gd32e23x_fwdgt.o(.text)
    __arm_cp.5_1                             0x08002c58   Number         4  gd32e23x_fwdgt.o(.text)
    __arm_cp.5_2                             0x08002c5c   Number         4  gd32e23x_fwdgt.o(.text)
    __arm_cp.5_3                             0x08002c60   Number         4  gd32e23x_fwdgt.o(.text)
    __arm_cp.5_4                             0x08002c64   Number         4  gd32e23x_fwdgt.o(.text)
    __arm_cp.5_5                             0x08002c68   Number         4  gd32e23x_fwdgt.o(.text)
    __arm_cp.6_0                             0x08002c74   Number         4  gd32e23x_fwdgt.o(.text)
    __arm_cp.6_1                             0x08002c78   Number         4  gd32e23x_fwdgt.o(.text)
    __arm_cp.7_0                             0x08002d40   Number         4  gd32e23x_fwdgt.o(.text)
    __arm_cp.7_1                             0x08002d44   Number         4  gd32e23x_fwdgt.o(.text)
    __arm_cp.7_2                             0x08002d48   Number         4  gd32e23x_fwdgt.o(.text)
    __arm_cp.7_3                             0x08002d4c   Number         4  gd32e23x_fwdgt.o(.text)
    __arm_cp.7_4                             0x08002d50   Number         4  gd32e23x_fwdgt.o(.text)
    __arm_cp.7_5                             0x08002d54   Number         4  gd32e23x_fwdgt.o(.text)
    __arm_cp.7_6                             0x08002d58   Number         4  gd32e23x_fwdgt.o(.text)
    __arm_cp.7_7                             0x08002d5c   Number         4  gd32e23x_fwdgt.o(.text)
    __arm_cp.8_0                             0x08002d8c   Number         4  gd32e23x_fwdgt.o(.text)
    [Anonymous Symbol]                       0x08002d90   Section        0  gd32e23x_gpio.o(.text)
    __arm_cp.0_0                             0x08002e08   Number         4  gd32e23x_gpio.o(.text)
    __arm_cp.0_1                             0x08002e0c   Number         4  gd32e23x_gpio.o(.text)
    __arm_cp.0_2                             0x08002e10   Number         4  gd32e23x_gpio.o(.text)
    __arm_cp.0_3                             0x08002e14   Number         4  gd32e23x_gpio.o(.text)
    __arm_cp.0_4                             0x08002e18   Number         4  gd32e23x_gpio.o(.text)
    __arm_cp.0_5                             0x08002e1c   Number         4  gd32e23x_gpio.o(.text)
    __arm_cp.0_6                             0x08002e20   Number         4  gd32e23x_gpio.o(.text)
    __arm_cp.14_0                            0x08003118   Number         4  gd32e23x_gpio.o(.text)
    [Anonymous Symbol]                       0x0800311c   Section        0  gd32e23x_misc.o(.text)
    __NVIC_SetPriority                       0x08003149   Thumb Code   124  gd32e23x_misc.o(.text)
    __arm_cp.1_0                             0x080031c4   Number         4  gd32e23x_misc.o(.text)
    __arm_cp.1_1                             0x080031c8   Number         4  gd32e23x_misc.o(.text)
    __NVIC_EnableIRQ                         0x080031cd   Thumb Code    48  gd32e23x_misc.o(.text)
    __arm_cp.2_0                             0x080031fc   Number         4  gd32e23x_misc.o(.text)
    __NVIC_DisableIRQ                        0x08003219   Thumb Code    56  gd32e23x_misc.o(.text)
    __arm_cp.4_0                             0x08003250   Number         4  gd32e23x_misc.o(.text)
    __NVIC_SystemReset                       0x08003259   Thumb Code    20  gd32e23x_misc.o(.text)
    __arm_cp.6_0                             0x0800326c   Number         4  gd32e23x_misc.o(.text)
    __arm_cp.6_1                             0x08003270   Number         4  gd32e23x_misc.o(.text)
    __arm_cp.7_0                             0x0800328c   Number         4  gd32e23x_misc.o(.text)
    __arm_cp.7_1                             0x08003290   Number         4  gd32e23x_misc.o(.text)
    __arm_cp.8_0                             0x080032ac   Number         4  gd32e23x_misc.o(.text)
    __arm_cp.9_0                             0x080032c8   Number         4  gd32e23x_misc.o(.text)
    __arm_cp.10_0                            0x080032f4   Number         4  gd32e23x_misc.o(.text)
    [Anonymous Symbol]                       0x080032f8   Section        0  gd32e23x_rcu.o(.text)
    __arm_cp.0_0                             0x08003368   Number         4  gd32e23x_rcu.o(.text)
    __arm_cp.0_1                             0x0800336c   Number         4  gd32e23x_rcu.o(.text)
    __arm_cp.0_2                             0x08003370   Number         4  gd32e23x_rcu.o(.text)
    __arm_cp.0_3                             0x08003374   Number         4  gd32e23x_rcu.o(.text)
    __arm_cp.0_4                             0x08003378   Number         4  gd32e23x_rcu.o(.text)
    __arm_cp.0_5                             0x0800337c   Number         4  gd32e23x_rcu.o(.text)
    __arm_cp.0_6                             0x08003380   Number         4  gd32e23x_rcu.o(.text)
    __arm_cp.0_7                             0x08003384   Number         4  gd32e23x_rcu.o(.text)
    __arm_cp.0_8                             0x08003388   Number         4  gd32e23x_rcu.o(.text)
    __arm_cp.1_0                             0x080033b0   Number         4  gd32e23x_rcu.o(.text)
    __arm_cp.2_0                             0x080033d8   Number         4  gd32e23x_rcu.o(.text)
    __arm_cp.3_0                             0x08003400   Number         4  gd32e23x_rcu.o(.text)
    __arm_cp.4_0                             0x08003428   Number         4  gd32e23x_rcu.o(.text)
    __arm_cp.5_0                             0x08003450   Number         4  gd32e23x_rcu.o(.text)
    __arm_cp.6_0                             0x08003478   Number         4  gd32e23x_rcu.o(.text)
    __arm_cp.7_0                             0x0800348c   Number         4  gd32e23x_rcu.o(.text)
    __arm_cp.8_0                             0x080034a0   Number         4  gd32e23x_rcu.o(.text)
    __arm_cp.9_0                             0x080034c8   Number         4  gd32e23x_rcu.o(.text)
    __arm_cp.10_0                            0x080034d8   Number         4  gd32e23x_rcu.o(.text)
    __arm_cp.11_0                            0x08003500   Number         4  gd32e23x_rcu.o(.text)
    __arm_cp.12_0                            0x08003528   Number         4  gd32e23x_rcu.o(.text)
    __arm_cp.13_0                            0x08003550   Number         4  gd32e23x_rcu.o(.text)
    __arm_cp.14_0                            0x080036d4   Number         4  gd32e23x_rcu.o(.text)
    __arm_cp.14_1                            0x080036d8   Number         4  gd32e23x_rcu.o(.text)
    __arm_cp.14_2                            0x080036dc   Number         4  gd32e23x_rcu.o(.text)
    __arm_cp.15_0                            0x0800370c   Number         4  gd32e23x_rcu.o(.text)
    __arm_cp.16_0                            0x08003730   Number         4  gd32e23x_rcu.o(.text)
    __arm_cp.16_1                            0x08003734   Number         4  gd32e23x_rcu.o(.text)
    __arm_cp.17_0                            0x08003754   Number         4  gd32e23x_rcu.o(.text)
    __arm_cp.18_0                            0x08003774   Number         4  gd32e23x_rcu.o(.text)
    __arm_cp.19_0                            0x0800379c   Number         4  gd32e23x_rcu.o(.text)
    __arm_cp.20_0                            0x080037bc   Number         4  gd32e23x_rcu.o(.text)
    __arm_cp.21_0                            0x080037f4   Number         4  gd32e23x_rcu.o(.text)
    __arm_cp.22_0                            0x08003808   Number         4  gd32e23x_rcu.o(.text)
    __arm_cp.23_0                            0x08003840   Number         4  gd32e23x_rcu.o(.text)
    __arm_cp.24_0                            0x08003868   Number         4  gd32e23x_rcu.o(.text)
    __arm_cp.25_0                            0x08003890   Number         4  gd32e23x_rcu.o(.text)
    __arm_cp.26_0                            0x080038b8   Number         4  gd32e23x_rcu.o(.text)
    __arm_cp.27_0                            0x08003adc   Number         4  gd32e23x_rcu.o(.text)
    __arm_cp.27_1                            0x08003ae0   Number         4  gd32e23x_rcu.o(.text)
    __arm_cp.27_2                            0x08003ae4   Number         4  gd32e23x_rcu.o(.text)
    __arm_cp.27_3                            0x08003ae8   Number         4  gd32e23x_rcu.o(.text)
    __arm_cp.27_4                            0x08003aec   Number         4  gd32e23x_rcu.o(.text)
    __arm_cp.28_0                            0x08003b14   Number         4  gd32e23x_rcu.o(.text)
    __arm_cp.29_0                            0x08003b3c   Number         4  gd32e23x_rcu.o(.text)
    __arm_cp.30_0                            0x08003bc0   Number         4  gd32e23x_rcu.o(.text)
    __arm_cp.30_1                            0x08003bc4   Number         4  gd32e23x_rcu.o(.text)
    __arm_cp.31_0                            0x08003c48   Number         4  gd32e23x_rcu.o(.text)
    __arm_cp.31_1                            0x08003c4c   Number         4  gd32e23x_rcu.o(.text)
    __arm_cp.32_0                            0x08003c60   Number         4  gd32e23x_rcu.o(.text)
    __arm_cp.33_0                            0x08003c74   Number         4  gd32e23x_rcu.o(.text)
    __arm_cp.34_0                            0x08003ca0   Number         4  gd32e23x_rcu.o(.text)
    __arm_cp.35_0                            0x08003ccc   Number         4  gd32e23x_rcu.o(.text)
    __arm_cp.36_0                            0x08003ce4   Number         4  gd32e23x_rcu.o(.text)
    __arm_cp.36_1                            0x08003ce8   Number         4  gd32e23x_rcu.o(.text)
    __arm_cp.37_0                            0x08003d08   Number         4  gd32e23x_rcu.o(.text)
    __arm_cp.38_0                            0x08003f64   Number         4  gd32e23x_rcu.o(.text)
    __arm_cp.38_1                            0x08003f68   Number         4  gd32e23x_rcu.o(.text)
    __arm_cp.38_2                            0x08003f6c   Number         4  gd32e23x_rcu.o(.text)
    __arm_cp.38_3                            0x08003f70   Number         4  gd32e23x_rcu.o(.text)
    __arm_cp.38_4                            0x08003f74   Number         4  gd32e23x_rcu.o(.text)
    __arm_cp.38_5                            0x08003f78   Number         4  gd32e23x_rcu.o(.text)
    __arm_cp.38_6                            0x08003f7c   Number         4  gd32e23x_rcu.o(.text)
    __arm_cp.38_7                            0x08003f80   Number         4  gd32e23x_rcu.o(.text)
    __arm_cp.38_8                            0x08003f84   Number         4  gd32e23x_rcu.o(.text)
    [Anonymous Symbol]                       0x08003f88   Section        0  gd32e23x_timer.o(.text)
    __arm_cp.0_0                             0x08004050   Number         4  gd32e23x_timer.o(.text)
    __arm_cp.0_1                             0x08004054   Number         4  gd32e23x_timer.o(.text)
    __arm_cp.0_2                             0x08004058   Number         4  gd32e23x_timer.o(.text)
    __arm_cp.0_3                             0x0800405c   Number         4  gd32e23x_timer.o(.text)
    __arm_cp.0_4                             0x08004060   Number         4  gd32e23x_timer.o(.text)
    __arm_cp.0_5                             0x08004064   Number         4  gd32e23x_timer.o(.text)
    __arm_cp.0_6                             0x08004068   Number         4  gd32e23x_timer.o(.text)
    __arm_cp.0_7                             0x0800406c   Number         4  gd32e23x_timer.o(.text)
    __arm_cp.0_8                             0x08004070   Number         4  gd32e23x_timer.o(.text)
    __arm_cp.0_9                             0x08004074   Number         4  gd32e23x_timer.o(.text)
    __arm_cp.0_10                            0x08004078   Number         4  gd32e23x_timer.o(.text)
    __arm_cp.0_11                            0x0800407c   Number         4  gd32e23x_timer.o(.text)
    __arm_cp.1_0                             0x080040a4   Number         4  gd32e23x_timer.o(.text)
    __arm_cp.2_0                             0x0800418c   Number         4  gd32e23x_timer.o(.text)
    __arm_cp.2_1                             0x08004190   Number         4  gd32e23x_timer.o(.text)
    __arm_cp.2_2                             0x08004194   Number         4  gd32e23x_timer.o(.text)
    __arm_cp.2_3                             0x08004198   Number         4  gd32e23x_timer.o(.text)
    __arm_cp.2_4                             0x0800419c   Number         4  gd32e23x_timer.o(.text)
    __arm_cp.2_5                             0x080041a0   Number         4  gd32e23x_timer.o(.text)
    __arm_cp.30_0                            0x080044c0   Number         4  gd32e23x_timer.o(.text)
    __arm_cp.42_0                            0x08004914   Number         4  gd32e23x_timer.o(.text)
    __arm_cp.42_1                            0x08004918   Number         4  gd32e23x_timer.o(.text)
    __arm_cp.42_2                            0x0800491c   Number         4  gd32e23x_timer.o(.text)
    __arm_cp.42_3                            0x08004920   Number         4  gd32e23x_timer.o(.text)
    __arm_cp.63_0                            0x08005468   Number         4  gd32e23x_timer.o(.text)
    [Anonymous Symbol]                       0x08005678   Section        0  gd32e23x_usart.o(.text)
    __arm_cp.0_0                             0x080056bc   Number         4  gd32e23x_usart.o(.text)
    __arm_cp.0_1                             0x080056c0   Number         4  gd32e23x_usart.o(.text)
    __arm_cp.0_2                             0x080056c4   Number         4  gd32e23x_usart.o(.text)
    __arm_cp.0_3                             0x080056c8   Number         4  gd32e23x_usart.o(.text)
    __arm_cp.1_0                             0x08005778   Number         4  gd32e23x_usart.o(.text)
    __arm_cp.1_1                             0x0800577c   Number         4  gd32e23x_usart.o(.text)
    __arm_cp.1_2                             0x08005780   Number         4  gd32e23x_usart.o(.text)
    __arm_cp.18_0                            0x08005a34   Number         4  gd32e23x_usart.o(.text)
    __arm_cp.19_0                            0x08005a48   Number         4  gd32e23x_usart.o(.text)
    __arm_cp.73_0                            0x080061a0   Number         4  gd32e23x_usart.o(.text)
    .text                                    0x080061a4   Section       28  startup_gd32e23x.o(.text)
    [Anonymous Symbol]                       0x080061c0   Section        0  system_gd32e23x.o(.text)
    __arm_cp.0_0                             0x08006248   Number         4  system_gd32e23x.o(.text)
    __arm_cp.0_1                             0x0800624c   Number         4  system_gd32e23x.o(.text)
    __arm_cp.0_2                             0x08006250   Number         4  system_gd32e23x.o(.text)
    __arm_cp.0_3                             0x08006254   Number         4  system_gd32e23x.o(.text)
    __arm_cp.0_4                             0x08006258   Number         4  system_gd32e23x.o(.text)
    __arm_cp.0_5                             0x0800625c   Number         4  system_gd32e23x.o(.text)
    __arm_cp.0_6                             0x08006260   Number         4  system_gd32e23x.o(.text)
    __arm_cp.0_7                             0x08006264   Number         4  system_gd32e23x.o(.text)
    __arm_cp.0_8                             0x08006268   Number         4  system_gd32e23x.o(.text)
    system_clock_config                      0x0800626d   Thumb Code     8  system_gd32e23x.o(.text)
    __arm_cp.2_0                             0x08006374   Number         4  system_gd32e23x.o(.text)
    __arm_cp.2_1                             0x08006378   Number         4  system_gd32e23x.o(.text)
    __arm_cp.2_2                             0x0800637c   Number         4  system_gd32e23x.o(.text)
    __arm_cp.2_3                             0x08006380   Number         4  system_gd32e23x.o(.text)
    __arm_cp.2_4                             0x08006384   Number         4  system_gd32e23x.o(.text)
    __arm_cp.2_5                             0x08006388   Number         4  system_gd32e23x.o(.text)
    __arm_cp.2_6                             0x0800638c   Number         4  system_gd32e23x.o(.text)
    system_clock_72m_irc8m                   0x08006391   Thumb Code   204  system_gd32e23x.o(.text)
    __arm_cp.3_0                             0x0800645c   Number         4  system_gd32e23x.o(.text)
    __arm_cp.3_1                             0x08006460   Number         4  system_gd32e23x.o(.text)
    __arm_cp.3_2                             0x08006464   Number         4  system_gd32e23x.o(.text)
    __arm_cp.3_3                             0x08006468   Number         4  system_gd32e23x.o(.text)
    __arm_cp.3_4                             0x0800646c   Number         4  system_gd32e23x.o(.text)
    .text                                    0x08006470   Section        0  fadd.o(.text)
    .text                                    0x08006522   Section        0  fmul.o(.text)
    .text                                    0x0800659c   Section        0  fdiv.o(.text)
    .text                                    0x08006618   Section        0  dadd.o(.text)
    .text                                    0x0800677c   Section        0  dmul.o(.text)
    .text                                    0x0800684c   Section        0  ddiv.o(.text)
    .text                                    0x0800693c   Section        0  fcmple.o(.text)
    .text                                    0x08006958   Section        0  fcmplt.o(.text)
    .text                                    0x08006974   Section        0  fcmpge.o(.text)
    .text                                    0x08006990   Section        0  fcmpgt.o(.text)
    .text                                    0x080069ac   Section        0  dcmple.o(.text)
    .text                                    0x080069d8   Section        0  dcmpge.o(.text)
    .text                                    0x08006a04   Section        0  fflti.o(.text)
    .text                                    0x08006a1a   Section        0  ffltui.o(.text)
    .text                                    0x08006a28   Section        0  dflti.o(.text)
    .text                                    0x08006a50   Section        0  ffixi.o(.text)
    .text                                    0x08006a84   Section        0  dfixi.o(.text)
    .text                                    0x08006acc   Section        0  f2d.o(.text)
    .text                                    0x08006af4   Section        0  d2f.o(.text)
    .text                                    0x08006b2c   Section        0  llshl.o(.text)
    .text                                    0x08006b4c   Section        0  llushr.o(.text)
    .text                                    0x08006b6e   Section        0  llsshr.o(.text)
    .text                                    0x08006b94   Section        0  iusefp.o(.text)
    .text                                    0x08006b94   Section        0  fepilogue.o(.text)
    .text                                    0x08006c16   Section        0  depilogue.o(.text)
    .text                                    0x08006cd4   Section       48  init.o(.text)
    i.__ARM_clz                              0x08006d04   Section        0  depilogue.o(i.__ARM_clz)
    i.__scatterload_copy                     0x08006d32   Section       14  handlers.o(i.__scatterload_copy)
    i.__scatterload_null                     0x08006d40   Section        2  handlers.o(i.__scatterload_null)
    i.__scatterload_zeroinit                 0x08006d42   Section       14  handlers.o(i.__scatterload_zeroinit)
    iReceivePos                              0x20000010   Data           2  commsmasterslave.o(.data.iReceivePos)
    [Anonymous Symbol]                       0x20000010   Section        0  commsmasterslave.o(.data.iReceivePos)
    aReceiveBuffer                           0x20000018   Data          16  commsmasterslave.o(.bss.aReceiveBuffer)
    [Anonymous Symbol]                       0x20000018   Section        0  commsmasterslave.o(.bss.aReceiveBuffer)
    STACK                                    0x20000100   Section     1024  startup_gd32e23x.o(STACK)

    Global Symbols

    Symbol Name                              Value     Ov Type        Size  Object(Section)

    BuildAttributes$$THM_ISAv3M$S$8M$PE$A:L22$X:L11$S22$IEEE1$IW$~IW$USESV6$~STKCKD$USESV7$~SHL$OTIME$ROPI$EBA8$MICROLIB$REQ8$PRES8$EABIv2 0x00000000   Number         0  anon$$obj.o ABSOLUTE
    __cpp_initialize__aeabi_                  - Undefined Weak Reference
    __cxa_finalize                            - Undefined Weak Reference
    __decompress                              - Undefined Weak Reference
    _clock_init                               - Undefined Weak Reference
    _microlib_exit                            - Undefined Weak Reference
    __Vectors_Size                           0x000000cc   Number         0  startup_gd32e23x.o ABSOLUTE
    __Vectors                                0x08000000   Data           4  startup_gd32e23x.o(RESET)
    __Vectors_End                            0x080000cc   Data           0  startup_gd32e23x.o(RESET)
    __main                                   0x080000cd   Thumb Code     0  entry.o(.ARM.Collect$$$$00000000)
    _main_stk                                0x080000cd   Thumb Code     0  entry2.o(.ARM.Collect$$$$00000001)
    _main_scatterload                        0x080000d1   Thumb Code     0  entry5.o(.ARM.Collect$$$$00000004)
    __main_after_scatterload                 0x080000d5   Thumb Code     0  entry5.o(.ARM.Collect$$$$00000004)
    _main_clock                              0x080000d5   Thumb Code     0  entry7b.o(.ARM.Collect$$$$00000008)
    _main_cpp_init                           0x080000d5   Thumb Code     0  entry8b.o(.ARM.Collect$$$$0000000A)
    _main_init                               0x080000d5   Thumb Code     0  entry9a.o(.ARM.Collect$$$$0000000B)
    __rt_final_cpp                           0x080000dd   Thumb Code     0  entry10a.o(.ARM.Collect$$$$0000000D)
    __rt_final_exit                          0x080000dd   Thumb Code     0  entry11a.o(.ARM.Collect$$$$0000000F)
    main                                     0x080000e1   Thumb Code  1564  main.o(.text)
    ShowBatteryState                         0x080007a5   Thumb Code    24  main.o(.text)
    BeepsBackwards                           0x080007c1   Thumb Code    40  main.o(.text)
    ShutOff                                  0x080007ed   Thumb Code    56  main.o(.text)
    modulo                                   0x080008b5   Thumb Code    46  bldc.o(.text)
    up_or_down                               0x080008e5   Thumb Code    48  bldc.o(.text)
    blockPWM                                 0x08000921   Thumb Code   212  bldc.o(.text)
    SetEnable                                0x080009f5   Thumb Code    16  bldc.o(.text)
    SetPWM                                   0x08000a09   Thumb Code   144  bldc.o(.text)
    CalculateBLDC                            0x08000aa9   Thumb Code   860  bldc.o(.text)
    pinMode                                  0x08000ea1   Thumb Code    66  setup.o(.text)
    pinModePull                              0x08000ee3   Thumb Code    66  setup.o(.text)
    Interrupt_init                           0x08000f25   Thumb Code     2  setup.o(.text)
    Watchdog_init                            0x08000f29   Thumb Code    76  setup.o(.text)
    TimeoutTimer_init                        0x08000f7d   Thumb Code    84  setup.o(.text)
    GPIO_init                                0x08000fdd   Thumb Code   416  setup.o(.text)
    PWM_init                                 0x080011c5   Thumb Code   360  setup.o(.text)
    ADC_init                                 0x08001345   Thumb Code   212  setup.o(.text)
    USART1_Init                              0x08001429   Thumb Code   268  setup.o(.text)
    USART0_Init                              0x08001549   Thumb Code   264  setup.o(.text)
    SysTick_Handler                          0x08001669   Thumb Code    12  it.o(.text)
    ResetTimeout                             0x08001679   Thumb Code     8  it.o(.text)
    TIMER13_IRQHandler                       0x08001685   Thumb Code    72  it.o(.text)
    TIMER0_BRK_UP_TRG_COM_IRQHandler         0x080016e9   Thumb Code    24  it.o(.text)
    DMA_Channel0_IRQHandler                  0x08001705   Thumb Code    30  it.o(.text)
    DMA_Channel1_2_IRQHandler                0x08001723   Thumb Code    30  it.o(.text)
    DMA_Channel3_4_IRQHandler                0x08001741   Thumb Code    30  it.o(.text)
    millis                                   0x08001761   Thumb Code     8  it.o(.text)
    Delay                                    0x0800176d   Thumb Code    36  it.o(.text)
    NMI_Handler                              0x08001795   Thumb Code     2  it.o(.text)
    HardFault_Handler                        0x08001797   Thumb Code     4  it.o(.text)
    MemManage_Handler                        0x0800179b   Thumb Code     4  it.o(.text)
    BusFault_Handler                         0x0800179f   Thumb Code     4  it.o(.text)
    UsageFault_Handler                       0x080017a3   Thumb Code     4  it.o(.text)
    SVC_Handler                              0x080017a7   Thumb Code     2  it.o(.text)
    DebugMon_Handler                         0x080017a9   Thumb Code     2  it.o(.text)
    PendSV_Handler                           0x080017ab   Thumb Code     2  it.o(.text)
    RemoteUpdate                             0x080017ad   Thumb Code   180  remotedummy.o(.text)
    RemoteCallback                           0x08001875   Thumb Code     2  remotedummy.o(.text)
    SendBuffer                               0x08001879   Thumb Code    80  commsmasterslave.o(.text)
    CalcCRC                                  0x080018cd   Thumb Code   116  commsmasterslave.o(.text)
    SetBeepsBackwardsMaster                  0x08001945   Thumb Code    16  commsmasterslave.o(.text)
    GetBeepsBackwardsMaster                  0x08001959   Thumb Code     8  commsmasterslave.o(.text)
    UpdateUSARTMasterSlaveInput              0x08001965   Thumb Code   120  commsmasterslave.o(.text)
    ProessReceived                           0x080019ed   Thumb Code    88  commsmasterslave.o(.text)
    SendSlave                                0x08001a49   Thumb Code   116  commsmasterslave.o(.text)
    adc_deinit                               0x08001ad1   Thumb Code    24  gd32e23x_adc.o(.text)
    adc_enable                               0x08001aed   Thumb Code    24  gd32e23x_adc.o(.text)
    adc_disable                              0x08001b09   Thumb Code    12  gd32e23x_adc.o(.text)
    adc_calibration_enable                   0x08001b19   Thumb Code    56  gd32e23x_adc.o(.text)
    adc_dma_mode_enable                      0x08001b55   Thumb Code    16  gd32e23x_adc.o(.text)
    adc_dma_mode_disable                     0x08001b69   Thumb Code    16  gd32e23x_adc.o(.text)
    adc_tempsensor_vrefint_enable            0x08001b7d   Thumb Code    16  gd32e23x_adc.o(.text)
    adc_tempsensor_vrefint_disable           0x08001b91   Thumb Code    16  gd32e23x_adc.o(.text)
    adc_discontinuous_mode_config            0x08001ba5   Thumb Code   116  gd32e23x_adc.o(.text)
    adc_special_function_config              0x08001c1d   Thumb Code   172  gd32e23x_adc.o(.text)
    adc_data_alignment_config                0x08001cd1   Thumb Code    44  gd32e23x_adc.o(.text)
    adc_channel_length_config                0x08001d01   Thumb Code    96  gd32e23x_adc.o(.text)
    adc_regular_channel_config               0x08001d6d   Thumb Code   328  gd32e23x_adc.o(.text)
    adc_inserted_channel_config              0x08001ec9   Thumb Code   208  gd32e23x_adc.o(.text)
    adc_inserted_channel_offset_config       0x08001fa5   Thumb Code    76  gd32e23x_adc.o(.text)
    adc_external_trigger_config              0x08001ffd   Thumb Code   124  gd32e23x_adc.o(.text)
    adc_external_trigger_source_config       0x0800207d   Thumb Code    80  gd32e23x_adc.o(.text)
    adc_software_trigger_enable              0x080020d1   Thumb Code    60  gd32e23x_adc.o(.text)
    adc_regular_data_read                    0x08002111   Thumb Code     8  gd32e23x_adc.o(.text)
    adc_inserted_data_read                   0x0800211d   Thumb Code    92  gd32e23x_adc.o(.text)
    adc_flag_get                             0x08002189   Thumb Code    40  gd32e23x_adc.o(.text)
    adc_flag_clear                           0x080021b5   Thumb Code    20  gd32e23x_adc.o(.text)
    adc_interrupt_flag_get                   0x080021cd   Thumb Code   160  gd32e23x_adc.o(.text)
    adc_interrupt_flag_clear                 0x08002275   Thumb Code    20  gd32e23x_adc.o(.text)
    adc_interrupt_enable                     0x0800228d   Thumb Code    80  gd32e23x_adc.o(.text)
    adc_interrupt_disable                    0x080022e1   Thumb Code    80  gd32e23x_adc.o(.text)
    adc_watchdog_single_channel_enable       0x08002335   Thumb Code    40  gd32e23x_adc.o(.text)
    adc_watchdog_group_channel_enable        0x08002369   Thumb Code    92  gd32e23x_adc.o(.text)
    adc_watchdog_disable                     0x080023cd   Thumb Code    12  gd32e23x_adc.o(.text)
    adc_watchdog_threshold_config            0x080023e1   Thumb Code    36  gd32e23x_adc.o(.text)
    adc_resolution_config                    0x08002411   Thumb Code    28  gd32e23x_adc.o(.text)
    adc_oversample_mode_config               0x08002431   Thumb Code    84  gd32e23x_adc.o(.text)
    adc_oversample_mode_enable               0x08002489   Thumb Code    12  gd32e23x_adc.o(.text)
    adc_oversample_mode_disable              0x08002499   Thumb Code    12  gd32e23x_adc.o(.text)
    dma_deinit                               0x080024a9   Thumb Code    88  gd32e23x_dma.o(.text)
    dma_struct_para_init                     0x08002515   Thumb Code    46  gd32e23x_dma.o(.text)
    dma_init                                 0x08002545   Thumb Code   268  gd32e23x_dma.o(.text)
    dma_channel_disable                      0x08002661   Thumb Code    28  gd32e23x_dma.o(.text)
    dma_circulation_enable                   0x08002681   Thumb Code    28  gd32e23x_dma.o(.text)
    dma_circulation_disable                  0x080026a1   Thumb Code    28  gd32e23x_dma.o(.text)
    dma_memory_to_memory_enable              0x080026c1   Thumb Code    32  gd32e23x_dma.o(.text)
    dma_memory_to_memory_disable             0x080026e5   Thumb Code    32  gd32e23x_dma.o(.text)
    dma_channel_enable                       0x08002709   Thumb Code    28  gd32e23x_dma.o(.text)
    dma_periph_address_config                0x08002729   Thumb Code    32  gd32e23x_dma.o(.text)
    dma_memory_address_config                0x0800274d   Thumb Code    32  gd32e23x_dma.o(.text)
    dma_transfer_number_config               0x08002771   Thumb Code    32  gd32e23x_dma.o(.text)
    dma_transfer_number_get                  0x08002795   Thumb Code    24  gd32e23x_dma.o(.text)
    dma_priority_config                      0x080027b1   Thumb Code    56  gd32e23x_dma.o(.text)
    dma_memory_width_config                  0x080027ed   Thumb Code    56  gd32e23x_dma.o(.text)
    dma_periph_width_config                  0x08002829   Thumb Code    56  gd32e23x_dma.o(.text)
    dma_memory_increase_enable               0x08002865   Thumb Code    28  gd32e23x_dma.o(.text)
    dma_memory_increase_disable              0x08002885   Thumb Code    28  gd32e23x_dma.o(.text)
    dma_periph_increase_enable               0x080028a5   Thumb Code    28  gd32e23x_dma.o(.text)
    dma_periph_increase_disable              0x080028c5   Thumb Code    28  gd32e23x_dma.o(.text)
    dma_transfer_direction_config            0x080028e5   Thumb Code    60  gd32e23x_dma.o(.text)
    dma_flag_get                             0x08002925   Thumb Code    52  gd32e23x_dma.o(.text)
    dma_flag_clear                           0x0800295d   Thumb Code    32  gd32e23x_dma.o(.text)
    dma_interrupt_flag_get                   0x08002981   Thumb Code   188  gd32e23x_dma.o(.text)
    dma_interrupt_flag_clear                 0x08002a45   Thumb Code    32  gd32e23x_dma.o(.text)
    dma_interrupt_enable                     0x08002a69   Thumb Code    32  gd32e23x_dma.o(.text)
    dma_interrupt_disable                    0x08002a8d   Thumb Code    32  gd32e23x_dma.o(.text)
    fwdgt_write_enable                       0x08002ab1   Thumb Code     8  gd32e23x_fwdgt.o(.text)
    fwdgt_write_disable                      0x08002ac1   Thumb Code     8  gd32e23x_fwdgt.o(.text)
    fwdgt_enable                             0x08002acd   Thumb Code     8  gd32e23x_fwdgt.o(.text)
    fwdgt_prescaler_value_config             0x08002add   Thumb Code   108  gd32e23x_fwdgt.o(.text)
    fwdgt_reload_value_config                0x08002b5d   Thumb Code   112  gd32e23x_fwdgt.o(.text)
    fwdgt_window_value_config                0x08002be5   Thumb Code   112  gd32e23x_fwdgt.o(.text)
    fwdgt_counter_reload                     0x08002c6d   Thumb Code     8  gd32e23x_fwdgt.o(.text)
    fwdgt_config                             0x08002c7d   Thumb Code   196  gd32e23x_fwdgt.o(.text)
    fwdgt_flag_get                           0x08002d61   Thumb Code    44  gd32e23x_fwdgt.o(.text)
    gpio_deinit                              0x08002d91   Thumb Code   120  gd32e23x_gpio.o(.text)
    gpio_mode_set                            0x08002e25   Thumb Code   142  gd32e23x_gpio.o(.text)
    gpio_output_options_set                  0x08002eb3   Thumb Code   138  gd32e23x_gpio.o(.text)
    gpio_bit_set                             0x08002f3d   Thumb Code    16  gd32e23x_gpio.o(.text)
    gpio_bit_reset                           0x08002f4d   Thumb Code    16  gd32e23x_gpio.o(.text)
    gpio_bit_write                           0x08002f5d   Thumb Code    36  gd32e23x_gpio.o(.text)
    gpio_port_write                          0x08002f81   Thumb Code    18  gd32e23x_gpio.o(.text)
    gpio_input_bit_get                       0x08002f93   Thumb Code    42  gd32e23x_gpio.o(.text)
    gpio_input_port_get                      0x08002fbd   Thumb Code    14  gd32e23x_gpio.o(.text)
    gpio_output_bit_get                      0x08002fcb   Thumb Code    42  gd32e23x_gpio.o(.text)
    gpio_output_port_get                     0x08002ff5   Thumb Code    14  gd32e23x_gpio.o(.text)
    gpio_af_set                              0x08003003   Thumb Code   192  gd32e23x_gpio.o(.text)
    gpio_pin_lock                            0x080030c3   Thumb Code    54  gd32e23x_gpio.o(.text)
    gpio_bit_toggle                          0x080030f9   Thumb Code    16  gd32e23x_gpio.o(.text)
    gpio_port_toggle                         0x08003109   Thumb Code    16  gd32e23x_gpio.o(.text)
    nvic_irq_enable                          0x0800311d   Thumb Code    44  gd32e23x_misc.o(.text)
    nvic_irq_disable                         0x08003201   Thumb Code    22  gd32e23x_misc.o(.text)
    nvic_system_reset                        0x08003255   Thumb Code     4  gd32e23x_misc.o(.text)
    nvic_vector_table_set                    0x08003275   Thumb Code    24  gd32e23x_misc.o(.text)
    system_lowpower_set                      0x08003295   Thumb Code    24  gd32e23x_misc.o(.text)
    system_lowpower_reset                    0x080032b1   Thumb Code    24  gd32e23x_misc.o(.text)
    systick_clksource_set                    0x080032cd   Thumb Code    40  gd32e23x_misc.o(.text)
    rcu_deinit                               0x080032f9   Thumb Code   112  gd32e23x_rcu.o(.text)
    rcu_periph_clock_enable                  0x0800338d   Thumb Code    36  gd32e23x_rcu.o(.text)
    rcu_periph_clock_disable                 0x080033b5   Thumb Code    36  gd32e23x_rcu.o(.text)
    rcu_periph_clock_sleep_enable            0x080033dd   Thumb Code    36  gd32e23x_rcu.o(.text)
    rcu_periph_clock_sleep_disable           0x08003405   Thumb Code    36  gd32e23x_rcu.o(.text)
    rcu_periph_reset_enable                  0x0800342d   Thumb Code    36  gd32e23x_rcu.o(.text)
    rcu_periph_reset_disable                 0x08003455   Thumb Code    36  gd32e23x_rcu.o(.text)
    rcu_bkp_reset_enable                     0x0800347d   Thumb Code    16  gd32e23x_rcu.o(.text)
    rcu_bkp_reset_disable                    0x08003491   Thumb Code    16  gd32e23x_rcu.o(.text)
    rcu_system_clock_source_config           0x080034a5   Thumb Code    36  gd32e23x_rcu.o(.text)
    rcu_system_clock_source_get              0x080034cd   Thumb Code    12  gd32e23x_rcu.o(.text)
    rcu_ahb_clock_config                     0x080034dd   Thumb Code    36  gd32e23x_rcu.o(.text)
    rcu_apb1_clock_config                    0x08003505   Thumb Code    36  gd32e23x_rcu.o(.text)
    rcu_apb2_clock_config                    0x0800352d   Thumb Code    36  gd32e23x_rcu.o(.text)
    rcu_adc_clock_config                     0x08003555   Thumb Code   384  gd32e23x_rcu.o(.text)
    rcu_ckout_config                         0x080036e1   Thumb Code    44  gd32e23x_rcu.o(.text)
    rcu_pll_config                           0x08003711   Thumb Code    32  gd32e23x_rcu.o(.text)
    rcu_usart_clock_config                   0x08003739   Thumb Code    28  gd32e23x_rcu.o(.text)
    rcu_rtc_clock_config                     0x08003759   Thumb Code    28  gd32e23x_rcu.o(.text)
    rcu_hxtal_prediv_config                  0x08003779   Thumb Code    36  gd32e23x_rcu.o(.text)
    rcu_lxtal_drive_capability_config        0x080037a1   Thumb Code    28  gd32e23x_rcu.o(.text)
    rcu_flag_get                             0x080037c1   Thumb Code    52  gd32e23x_rcu.o(.text)
    rcu_all_reset_flag_clear                 0x080037f9   Thumb Code    16  gd32e23x_rcu.o(.text)
    rcu_interrupt_flag_get                   0x0800380d   Thumb Code    52  gd32e23x_rcu.o(.text)
    rcu_interrupt_flag_clear                 0x08003845   Thumb Code    36  gd32e23x_rcu.o(.text)
    rcu_interrupt_enable                     0x0800386d   Thumb Code    36  gd32e23x_rcu.o(.text)
    rcu_interrupt_disable                    0x08003895   Thumb Code    36  gd32e23x_rcu.o(.text)
    rcu_osci_stab_wait                       0x080038bd   Thumb Code   544  gd32e23x_rcu.o(.text)
    rcu_osci_on                              0x08003af1   Thumb Code    36  gd32e23x_rcu.o(.text)
    rcu_osci_off                             0x08003b19   Thumb Code    36  gd32e23x_rcu.o(.text)
    rcu_osci_bypass_mode_enable              0x08003b41   Thumb Code   128  gd32e23x_rcu.o(.text)
    rcu_osci_bypass_mode_disable             0x08003bc9   Thumb Code   128  gd32e23x_rcu.o(.text)
    rcu_hxtal_clock_monitor_enable           0x08003c51   Thumb Code    16  gd32e23x_rcu.o(.text)
    rcu_hxtal_clock_monitor_disable          0x08003c65   Thumb Code    16  gd32e23x_rcu.o(.text)
    rcu_irc8m_adjust_value_set               0x08003c79   Thumb Code    40  gd32e23x_rcu.o(.text)
    rcu_irc28m_adjust_value_set              0x08003ca5   Thumb Code    40  gd32e23x_rcu.o(.text)
    rcu_voltage_key_unlock                   0x08003cd1   Thumb Code    20  gd32e23x_rcu.o(.text)
    rcu_deepsleep_voltage_set                0x08003ced   Thumb Code    28  gd32e23x_rcu.o(.text)
    rcu_clock_freq_get                       0x08003d0d   Thumb Code   600  gd32e23x_rcu.o(.text)
    timer_deinit                             0x08003f89   Thumb Code   200  gd32e23x_timer.o(.text)
    timer_struct_para_init                   0x08004081   Thumb Code    36  gd32e23x_timer.o(.text)
    timer_init                               0x080040a9   Thumb Code   228  gd32e23x_timer.o(.text)
    timer_enable                             0x080041a5   Thumb Code    18  gd32e23x_timer.o(.text)
    timer_disable                            0x080041b7   Thumb Code    18  gd32e23x_timer.o(.text)
    timer_auto_reload_shadow_enable          0x080041c9   Thumb Code    18  gd32e23x_timer.o(.text)
    timer_auto_reload_shadow_disable         0x080041db   Thumb Code    18  gd32e23x_timer.o(.text)
    timer_update_event_enable                0x080041ed   Thumb Code    18  gd32e23x_timer.o(.text)
    timer_update_event_disable               0x080041ff   Thumb Code    18  gd32e23x_timer.o(.text)
    timer_counter_alignment                  0x08004211   Thumb Code    32  gd32e23x_timer.o(.text)
    timer_counter_up_direction               0x08004231   Thumb Code    18  gd32e23x_timer.o(.text)
    timer_counter_down_direction             0x08004243   Thumb Code    18  gd32e23x_timer.o(.text)
    timer_prescaler_config                   0x08004255   Thumb Code    48  gd32e23x_timer.o(.text)
    timer_repetition_value_config            0x08004285   Thumb Code    18  gd32e23x_timer.o(.text)
    timer_autoreload_value_config            0x08004297   Thumb Code    18  gd32e23x_timer.o(.text)
    timer_counter_value_config               0x080042a9   Thumb Code    18  gd32e23x_timer.o(.text)
    timer_counter_read                       0x080042bb   Thumb Code    20  gd32e23x_timer.o(.text)
    timer_prescaler_read                     0x080042cf   Thumb Code    22  gd32e23x_timer.o(.text)
    timer_single_pulse_mode_config           0x080042e5   Thumb Code    52  gd32e23x_timer.o(.text)
    timer_update_source_config               0x08004319   Thumb Code    52  gd32e23x_timer.o(.text)
    timer_ocpre_clear_source_config          0x0800434d   Thumb Code    56  gd32e23x_timer.o(.text)
    timer_interrupt_enable                   0x08004385   Thumb Code    20  gd32e23x_timer.o(.text)
    timer_interrupt_disable                  0x08004399   Thumb Code    20  gd32e23x_timer.o(.text)
    timer_interrupt_flag_get                 0x080043ad   Thumb Code    58  gd32e23x_timer.o(.text)
    timer_interrupt_flag_clear               0x080043e7   Thumb Code    20  gd32e23x_timer.o(.text)
    timer_flag_get                           0x080043fb   Thumb Code    42  gd32e23x_timer.o(.text)
    timer_flag_clear                         0x08004425   Thumb Code    20  gd32e23x_timer.o(.text)
    timer_dma_enable                         0x08004439   Thumb Code    22  gd32e23x_timer.o(.text)
    timer_dma_disable                        0x0800444f   Thumb Code    22  gd32e23x_timer.o(.text)
    timer_channel_dma_request_source_select  0x08004465   Thumb Code    56  gd32e23x_timer.o(.text)
    timer_dma_transfer_config                0x0800449d   Thumb Code    36  gd32e23x_timer.o(.text)
    timer_event_software_generate            0x080044c5   Thumb Code    22  gd32e23x_timer.o(.text)
    timer_break_struct_para_init             0x080044db   Thumb Code    38  gd32e23x_timer.o(.text)
    timer_break_config                       0x08004501   Thumb Code    42  gd32e23x_timer.o(.text)
    timer_break_enable                       0x0800452b   Thumb Code    20  gd32e23x_timer.o(.text)
    timer_break_disable                      0x0800453f   Thumb Code    20  gd32e23x_timer.o(.text)
    timer_automatic_output_enable            0x08004553   Thumb Code    20  gd32e23x_timer.o(.text)
    timer_automatic_output_disable           0x08004567   Thumb Code    20  gd32e23x_timer.o(.text)
    timer_primary_output_config              0x0800457b   Thumb Code    48  gd32e23x_timer.o(.text)
    timer_channel_control_shadow_config      0x080045ab   Thumb Code    44  gd32e23x_timer.o(.text)
    timer_channel_control_shadow_update_config 0x080045d7   Thumb Code    56  gd32e23x_timer.o(.text)
    timer_channel_output_struct_para_init    0x0800460f   Thumb Code    34  gd32e23x_timer.o(.text)
    timer_channel_output_config              0x08004631   Thumb Code   740  gd32e23x_timer.o(.text)
    timer_channel_output_mode_config         0x08004925   Thumb Code   158  gd32e23x_timer.o(.text)
    timer_channel_output_pulse_value_config  0x080049c5   Thumb Code    82  gd32e23x_timer.o(.text)
    timer_channel_output_shadow_config       0x08004a19   Thumb Code   158  gd32e23x_timer.o(.text)
    timer_channel_output_fast_config         0x08004ab9   Thumb Code   158  gd32e23x_timer.o(.text)
    timer_channel_output_clear_config        0x08004b59   Thumb Code   158  gd32e23x_timer.o(.text)
    timer_channel_output_polarity_config     0x08004bf9   Thumb Code   160  gd32e23x_timer.o(.text)
    timer_channel_complementary_output_polarity_config 0x08004c99   Thumb Code   160  gd32e23x_timer.o(.text)
    timer_channel_output_state_config        0x08004d39   Thumb Code   148  gd32e23x_timer.o(.text)
    timer_channel_complementary_output_state_config 0x08004dcd   Thumb Code   120  gd32e23x_timer.o(.text)
    timer_channel_input_struct_para_init     0x08004e45   Thumb Code    28  gd32e23x_timer.o(.text)
    timer_input_capture_config               0x08004e61   Thumb Code   446  gd32e23x_timer.o(.text)
    timer_channel_input_capture_prescaler_config 0x08005021   Thumb Code   158  gd32e23x_timer.o(.text)
    timer_channel_capture_value_register_read 0x080050c1   Thumb Code    88  gd32e23x_timer.o(.text)
    timer_input_pwm_capture_config           0x08005119   Thumb Code   502  gd32e23x_timer.o(.text)
    timer_hall_mode_config                   0x0800530f   Thumb Code    52  gd32e23x_timer.o(.text)
    timer_input_trigger_source_select        0x08005343   Thumb Code    30  gd32e23x_timer.o(.text)
    timer_master_output_trigger_source_select 0x08005361   Thumb Code    30  gd32e23x_timer.o(.text)
    timer_slave_mode_select                  0x0800537f   Thumb Code    30  gd32e23x_timer.o(.text)
    timer_master_slave_mode_config           0x0800539d   Thumb Code    52  gd32e23x_timer.o(.text)
    timer_external_trigger_config            0x080053d1   Thumb Code    52  gd32e23x_timer.o(.text)
    timer_quadrature_decoder_mode_config     0x08005405   Thumb Code   100  gd32e23x_timer.o(.text)
    timer_internal_clock_config              0x0800546d   Thumb Code    18  gd32e23x_timer.o(.text)
    timer_internal_trigger_as_external_clock_config 0x0800547f   Thumb Code    38  gd32e23x_timer.o(.text)
    timer_external_trigger_as_external_clock_config 0x080054a5   Thumb Code   224  gd32e23x_timer.o(.text)
    timer_external_clock_mode0_config        0x08005585   Thumb Code    46  gd32e23x_timer.o(.text)
    timer_external_clock_mode1_config        0x080055b3   Thumb Code    40  gd32e23x_timer.o(.text)
    timer_external_clock_mode1_disable       0x080055db   Thumb Code    20  gd32e23x_timer.o(.text)
    timer_channel_remap_config               0x080055ef   Thumb Code    16  gd32e23x_timer.o(.text)
    timer_write_chxval_register_config       0x080055ff   Thumb Code    60  gd32e23x_timer.o(.text)
    timer_output_value_selection_config      0x0800563b   Thumb Code    60  gd32e23x_timer.o(.text)
    usart_deinit                             0x08005679   Thumb Code    68  gd32e23x_usart.o(.text)
    usart_baudrate_set                       0x080056cd   Thumb Code   172  gd32e23x_usart.o(.text)
    usart_parity_config                      0x08005785   Thumb Code    42  gd32e23x_usart.o(.text)
    usart_word_length_set                    0x080057af   Thumb Code    42  gd32e23x_usart.o(.text)
    usart_stop_bit_set                       0x080057d9   Thumb Code    42  gd32e23x_usart.o(.text)
    usart_enable                             0x08005803   Thumb Code    18  gd32e23x_usart.o(.text)
    usart_disable                            0x08005815   Thumb Code    18  gd32e23x_usart.o(.text)
    usart_transmit_config                    0x08005827   Thumb Code    30  gd32e23x_usart.o(.text)
    usart_receive_config                     0x08005845   Thumb Code    30  gd32e23x_usart.o(.text)
    usart_data_first_config                  0x08005863   Thumb Code    42  gd32e23x_usart.o(.text)
    usart_invert_config                      0x0800588d   Thumb Code   186  gd32e23x_usart.o(.text)
    usart_overrun_enable                     0x08005947   Thumb Code    30  gd32e23x_usart.o(.text)
    usart_overrun_disable                    0x08005965   Thumb Code    30  gd32e23x_usart.o(.text)
    usart_oversample_config                  0x08005983   Thumb Code    42  gd32e23x_usart.o(.text)
    usart_sample_bit_config                  0x080059ad   Thumb Code    42  gd32e23x_usart.o(.text)
    usart_receiver_timeout_enable            0x080059d7   Thumb Code    20  gd32e23x_usart.o(.text)
    usart_receiver_timeout_disable           0x080059eb   Thumb Code    20  gd32e23x_usart.o(.text)
    usart_receiver_timeout_threshold_config  0x080059ff   Thumb Code    32  gd32e23x_usart.o(.text)
    usart_data_transmit                      0x08005a21   Thumb Code    20  gd32e23x_usart.o(.text)
    usart_data_receive                       0x08005a39   Thumb Code    16  gd32e23x_usart.o(.text)
    usart_autobaud_detection_enable          0x08005a4d   Thumb Code    20  gd32e23x_usart.o(.text)
    usart_autobaud_detection_disable         0x08005a61   Thumb Code    20  gd32e23x_usart.o(.text)
    usart_autobaud_detection_mode_config     0x08005a75   Thumb Code    32  gd32e23x_usart.o(.text)
    usart_address_config                     0x08005a95   Thumb Code    46  gd32e23x_usart.o(.text)
    usart_address_detection_mode_config      0x08005ac3   Thumb Code    42  gd32e23x_usart.o(.text)
    usart_mute_mode_enable                   0x08005aed   Thumb Code    20  gd32e23x_usart.o(.text)
    usart_mute_mode_disable                  0x08005b01   Thumb Code    20  gd32e23x_usart.o(.text)
    usart_mute_mode_wakeup_config            0x08005b15   Thumb Code    42  gd32e23x_usart.o(.text)
    usart_lin_mode_enable                    0x08005b3f   Thumb Code    30  gd32e23x_usart.o(.text)
    usart_lin_mode_disable                   0x08005b5d   Thumb Code    30  gd32e23x_usart.o(.text)
    usart_lin_break_detection_length_config  0x08005b7b   Thumb Code    42  gd32e23x_usart.o(.text)
    usart_halfduplex_enable                  0x08005ba5   Thumb Code    28  gd32e23x_usart.o(.text)
    usart_halfduplex_disable                 0x08005bc1   Thumb Code    28  gd32e23x_usart.o(.text)
    usart_clock_enable                       0x08005bdd   Thumb Code    30  gd32e23x_usart.o(.text)
    usart_clock_disable                      0x08005bfb   Thumb Code    30  gd32e23x_usart.o(.text)
    usart_synchronous_clock_config           0x08005c19   Thumb Code    84  gd32e23x_usart.o(.text)
    usart_guard_time_config                  0x08005c6d   Thumb Code    46  gd32e23x_usart.o(.text)
    usart_smartcard_mode_enable              0x08005c9b   Thumb Code    28  gd32e23x_usart.o(.text)
    usart_smartcard_mode_disable             0x08005cb7   Thumb Code    28  gd32e23x_usart.o(.text)
    usart_smartcard_mode_nack_enable         0x08005cd3   Thumb Code    28  gd32e23x_usart.o(.text)
    usart_smartcard_mode_nack_disable        0x08005cef   Thumb Code    28  gd32e23x_usart.o(.text)
    usart_smartcard_mode_early_nack_enable   0x08005d0b   Thumb Code    20  gd32e23x_usart.o(.text)
    usart_smartcard_mode_early_nack_disable  0x08005d1f   Thumb Code    20  gd32e23x_usart.o(.text)
    usart_smartcard_autoretry_config         0x08005d33   Thumb Code    46  gd32e23x_usart.o(.text)
    usart_block_length_config                0x08005d61   Thumb Code    34  gd32e23x_usart.o(.text)
    usart_irda_mode_enable                   0x08005d83   Thumb Code    28  gd32e23x_usart.o(.text)
    usart_irda_mode_disable                  0x08005d9f   Thumb Code    28  gd32e23x_usart.o(.text)
    usart_prescaler_config                   0x08005dbb   Thumb Code    40  gd32e23x_usart.o(.text)
    usart_irda_lowpower_config               0x08005de3   Thumb Code    42  gd32e23x_usart.o(.text)
    usart_hardware_flow_rts_config           0x08005e0d   Thumb Code    42  gd32e23x_usart.o(.text)
    usart_hardware_flow_cts_config           0x08005e37   Thumb Code    42  gd32e23x_usart.o(.text)
    usart_hardware_flow_coherence_config     0x08005e61   Thumb Code    34  gd32e23x_usart.o(.text)
    usart_rs485_driver_enable                0x08005e83   Thumb Code    30  gd32e23x_usart.o(.text)
    usart_rs485_driver_disable               0x08005ea1   Thumb Code    30  gd32e23x_usart.o(.text)
    usart_driver_assertime_config            0x08005ebf   Thumb Code    46  gd32e23x_usart.o(.text)
    usart_driver_deassertime_config          0x08005eed   Thumb Code    46  gd32e23x_usart.o(.text)
    usart_depolarity_config                  0x08005f1b   Thumb Code    44  gd32e23x_usart.o(.text)
    usart_dma_receive_config                 0x08005f47   Thumb Code    30  gd32e23x_usart.o(.text)
    usart_dma_transmit_config                0x08005f65   Thumb Code    30  gd32e23x_usart.o(.text)
    usart_reception_error_dma_disable        0x08005f83   Thumb Code    30  gd32e23x_usart.o(.text)
    usart_reception_error_dma_enable         0x08005fa1   Thumb Code    30  gd32e23x_usart.o(.text)
    usart_wakeup_enable                      0x08005fbf   Thumb Code    18  gd32e23x_usart.o(.text)
    usart_wakeup_disable                     0x08005fd1   Thumb Code    18  gd32e23x_usart.o(.text)
    usart_wakeup_mode_config                 0x08005fe3   Thumb Code    44  gd32e23x_usart.o(.text)
    usart_receive_fifo_enable                0x0800600f   Thumb Code    22  gd32e23x_usart.o(.text)
    usart_receive_fifo_disable               0x08006025   Thumb Code    22  gd32e23x_usart.o(.text)
    usart_receive_fifo_counter_number        0x0800603b   Thumb Code    22  gd32e23x_usart.o(.text)
    usart_flag_get                           0x08006051   Thumb Code    60  gd32e23x_usart.o(.text)
    usart_flag_clear                         0x0800608d   Thumb Code    30  gd32e23x_usart.o(.text)
    usart_interrupt_enable                   0x080060ab   Thumb Code    34  gd32e23x_usart.o(.text)
    usart_interrupt_disable                  0x080060cd   Thumb Code    34  gd32e23x_usart.o(.text)
    usart_command_enable                     0x080060ef   Thumb Code    20  gd32e23x_usart.o(.text)
    usart_interrupt_flag_get                 0x08006103   Thumb Code    98  gd32e23x_usart.o(.text)
    usart_interrupt_flag_clear               0x08006165   Thumb Code    60  gd32e23x_usart.o(.text)
    Reset_Handler                            0x080061a5   Thumb Code     8  startup_gd32e23x.o(.text)
    ADC_CMP_IRQHandler                       0x080061b7   Thumb Code     0  startup_gd32e23x.o(.text)
    EXTI0_1_IRQHandler                       0x080061b7   Thumb Code     0  startup_gd32e23x.o(.text)
    EXTI2_3_IRQHandler                       0x080061b7   Thumb Code     0  startup_gd32e23x.o(.text)
    EXTI4_15_IRQHandler                      0x080061b7   Thumb Code     0  startup_gd32e23x.o(.text)
    FMC_IRQHandler                           0x080061b7   Thumb Code     0  startup_gd32e23x.o(.text)
    I2C0_ER_IRQHandler                       0x080061b7   Thumb Code     0  startup_gd32e23x.o(.text)
    I2C0_EV_IRQHandler                       0x080061b7   Thumb Code     0  startup_gd32e23x.o(.text)
    I2C1_ER_IRQHandler                       0x080061b7   Thumb Code     0  startup_gd32e23x.o(.text)
    I2C1_EV_IRQHandler                       0x080061b7   Thumb Code     0  startup_gd32e23x.o(.text)
    LVD_IRQHandler                           0x080061b7   Thumb Code     0  startup_gd32e23x.o(.text)
    RCU_IRQHandler                           0x080061b7   Thumb Code     0  startup_gd32e23x.o(.text)
    RTC_IRQHandler                           0x080061b7   Thumb Code     0  startup_gd32e23x.o(.text)
    SPI0_IRQHandler                          0x080061b7   Thumb Code     0  startup_gd32e23x.o(.text)
    SPI1_IRQHandler                          0x080061b7   Thumb Code     0  startup_gd32e23x.o(.text)
    TIMER0_Channel_IRQHandler                0x080061b7   Thumb Code     0  startup_gd32e23x.o(.text)
    TIMER14_IRQHandler                       0x080061b7   Thumb Code     0  startup_gd32e23x.o(.text)
    TIMER15_IRQHandler                       0x080061b7   Thumb Code     0  startup_gd32e23x.o(.text)
    TIMER16_IRQHandler                       0x080061b7   Thumb Code     0  startup_gd32e23x.o(.text)
    TIMER2_IRQHandler                        0x080061b7   Thumb Code     0  startup_gd32e23x.o(.text)
    TIMER5_IRQHandler                        0x080061b7   Thumb Code     0  startup_gd32e23x.o(.text)
    USART0_IRQHandler                        0x080061b7   Thumb Code     0  startup_gd32e23x.o(.text)
    USART1_IRQHandler                        0x080061b7   Thumb Code     0  startup_gd32e23x.o(.text)
    WWDGT_IRQHandler                         0x080061b7   Thumb Code     0  startup_gd32e23x.o(.text)
    SystemInit                               0x080061c1   Thumb Code   136  system_gd32e23x.o(.text)
    SystemCoreClockUpdate                    0x08006275   Thumb Code   256  system_gd32e23x.o(.text)
    __aeabi_fadd                             0x08006471   Thumb Code   162  fadd.o(.text)
    __aeabi_fsub                             0x08006513   Thumb Code     8  fadd.o(.text)
    __aeabi_frsub                            0x0800651b   Thumb Code     8  fadd.o(.text)
    __aeabi_fmul                             0x08006523   Thumb Code   122  fmul.o(.text)
    __aeabi_fdiv                             0x0800659d   Thumb Code   124  fdiv.o(.text)
    __aeabi_dadd                             0x08006619   Thumb Code   328  dadd.o(.text)
    __aeabi_dsub                             0x08006761   Thumb Code    12  dadd.o(.text)
    __aeabi_drsub                            0x0800676d   Thumb Code    12  dadd.o(.text)
    __aeabi_dmul                             0x0800677d   Thumb Code   202  dmul.o(.text)
    __aeabi_ddiv                             0x0800684d   Thumb Code   234  ddiv.o(.text)
    __aeabi_fcmple                           0x0800693d   Thumb Code    28  fcmple.o(.text)
    __aeabi_fcmplt                           0x08006959   Thumb Code    28  fcmplt.o(.text)
    __aeabi_fcmpge                           0x08006975   Thumb Code    28  fcmpge.o(.text)
    __aeabi_fcmpgt                           0x08006991   Thumb Code    28  fcmpgt.o(.text)
    __aeabi_dcmple                           0x080069ad   Thumb Code    44  dcmple.o(.text)
    __aeabi_dcmpge                           0x080069d9   Thumb Code    44  dcmpge.o(.text)
    __aeabi_i2f                              0x08006a05   Thumb Code    22  fflti.o(.text)
    __aeabi_ui2f                             0x08006a1b   Thumb Code    14  ffltui.o(.text)
    __aeabi_i2d                              0x08006a29   Thumb Code    34  dflti.o(.text)
    __aeabi_f2iz                             0x08006a51   Thumb Code    50  ffixi.o(.text)
    __aeabi_d2iz                             0x08006a85   Thumb Code    62  dfixi.o(.text)
    __aeabi_f2d                              0x08006acd   Thumb Code    40  f2d.o(.text)
    __aeabi_d2f                              0x08006af5   Thumb Code    56  d2f.o(.text)
    __aeabi_llsl                             0x08006b2d   Thumb Code    32  llshl.o(.text)
    _ll_shift_l                              0x08006b2d   Thumb Code     0  llshl.o(.text)
    __aeabi_llsr                             0x08006b4d   Thumb Code    34  llushr.o(.text)
    _ll_ushift_r                             0x08006b4d   Thumb Code     0  llushr.o(.text)
    __aeabi_lasr                             0x08006b6f   Thumb Code    38  llsshr.o(.text)
    _ll_sshift_r                             0x08006b6f   Thumb Code     0  llsshr.o(.text)
    __I$use$fp                               0x08006b95   Thumb Code     0  iusefp.o(.text)
    _float_round                             0x08006b95   Thumb Code    16  fepilogue.o(.text)
    _float_epilogue                          0x08006ba5   Thumb Code   114  fepilogue.o(.text)
    _double_round                            0x08006c17   Thumb Code    26  depilogue.o(.text)
    _double_epilogue                         0x08006c31   Thumb Code   164  depilogue.o(.text)
    __scatterload                            0x08006cd5   Thumb Code    38  init.o(.text)
    __scatterload_rt2                        0x08006cd5   Thumb Code     0  init.o(.text)
    __ARM_clz                                0x08006d05   Thumb Code    46  depilogue.o(i.__ARM_clz)
    __scatterload_copy                       0x08006d33   Thumb Code    14  handlers.o(i.__scatterload_copy)
    __scatterload_null                       0x08006d41   Thumb Code     2  handlers.o(i.__scatterload_null)
    __scatterload_zeroinit                   0x08006d43   Thumb Code    14  handlers.o(i.__scatterload_zeroinit)
    hall_to_pos                              0x08006d50   Data           8  bldc.o(.rodata.hall_to_pos)
    lookUpTableAngle                         0x08006d58   Data         724  main.o(.rodata.lookUpTableAngle)
    Region$$Table$$Base                      0x0800702c   Number         0  anon$$obj.o(Region$$Table)
    Region$$Table$$Limit                     0x0800704c   Number         0  anon$$obj.o(Region$$Table)
    SystemCoreClock                          0x20000000   Data           4  system_gd32e23x.o(.data.SystemCoreClock)
    batteryVoltage                           0x20000004   Data           4  bldc.o(.data.batteryVoltage)
    beepsBackwards                           0x20000008   Data           1  main.o(.data.beepsBackwards)
    currentDC                                0x2000000c   Data           4  bldc.o(.data.currentDC)
    offsetdc                                 0x20000012   Data           2  bldc.o(.data.offsetdc)
    speedLimit                               0x20000014   Data           2  main.o(.data.speedLimit)
    wState                                   0x20000016   Data           1  main.o(.data.wState)
    wStateSlave                              0x20000017   Data           1  main.o(.data.wStateSlave)
    adc_buffer                               0x20000028   Data           4  bldc.o(.bss.adc_buffer)
    beepsBackwardsMaster                     0x2000002c   Data           1  commsmasterslave.o(.bss.beepsBackwardsMaster)
    bldc_enable                              0x2000002d   Data           1  bldc.o(.bss.bldc_enable)
    bldc_inputFilterPwm                      0x2000002e   Data           2  bldc.o(.bss.bldc_inputFilterPwm)
    bldc_outputFilterPwm                     0x20000030   Data           2  bldc.o(.bss.bldc_outputFilterPwm)
    buzzerTimer                              0x20000032   Data           2  bldc.o(.bss.buzzerTimer)
    dma_init_struct_adc                      0x20000034   Data          28  setup.o(.bss.dma_init_struct_adc)
    dma_init_struct_usart                    0x20000050   Data          28  setup.o(.bss.dma_init_struct_usart)
    enable                                   0x2000006c   Data           1  main.o(.bss.enable)
    filter_reg                               0x20000070   Data           4  bldc.o(.bss.filter_reg)
    hall                                     0x20000074   Data           1  bldc.o(.bss.hall)
    hall_a                                   0x20000075   Data           1  bldc.o(.bss.hall_a)
    hall_b                                   0x20000076   Data           1  bldc.o(.bss.hall_b)
    hall_c                                   0x20000077   Data           1  bldc.o(.bss.hall_c)
    iOdom                                    0x20000078   Data           4  bldc.o(.bss.iOdom)
    iTimeNextLoop                            0x2000007c   Data           4  main.o(.bss.iTimeNextLoop)
    inactivity_timeout_counter               0x20000080   Data           4  main.o(.bss.inactivity_timeout_counter)
    lastPos                                  0x20000084   Data           1  bldc.o(.bss.lastPos)
    msTicks                                  0x20000088   Data           4  it.o(.bss.msTicks)
    oDataSlave                               0x2000008c   Data          16  main.o(.bss.oDataSlave)
    offsetcount                              0x2000009c   Data           2  bldc.o(.bss.offsetcount)
    pos                                      0x2000009e   Data           1  bldc.o(.bss.pos)
    pwmSlave                                 0x200000a0   Data           2  main.o(.bss.pwmSlave)
    realSpeed                                0x200000a4   Data           4  bldc.o(.bss.realSpeed)
    speed                                    0x200000a8   Data           4  main.o(.bss.speed)
    speedCounter                             0x200000ac   Data           4  bldc.o(.bss.speedCounter)
    steer                                    0x200000b0   Data           4  main.o(.bss.steer)
    steerCounter                             0x200000b4   Data           4  main.o(.bss.steerCounter)
    timedOut                                 0x200000b8   Data           1  it.o(.bss.timedOut)
    timeoutCounter_ms                        0x200000bc   Data           4  it.o(.bss.timeoutCounter_ms)
    timeoutTimer_paramter_struct             0x200000c0   Data          16  setup.o(.bss.timeoutTimer_paramter_struct)
    timerBldc_break_parameter_struct         0x200000d0   Data          14  setup.o(.bss.timerBldc_break_parameter_struct)
    timerBldc_oc_parameter_struct            0x200000de   Data          12  setup.o(.bss.timerBldc_oc_parameter_struct)
    timerBldc_paramter_struct                0x200000ec   Data          16  setup.o(.bss.timerBldc_paramter_struct)
    usart0_rx_buf                            0x200000fc   Data           1  setup.o(.bss.usart0_rx_buf)
    usart1_rx_buf                            0x200000fd   Data           1  setup.o(.bss.usart1_rx_buf)
    __initial_sp                             0x20000500   Data           0  startup_gd32e23x.o(STACK)



==============================================================================

Memory Map of the image

  Image Entry point : 0x080000cd

  Load Region LR_IROM1 (Base: 0x08000000, Size: 0x00007068, Max: 0x00010000, ABSOLUTE)

    Execution Region ER_IROM1 (Exec base: 0x08000000, Load base: 0x08000000, Size: 0x0000704c, Max: 0x00010000, ABSOLUTE)

    Exec Addr    Load Addr    Size         Type   Attr      Idx    E Section Name        Object

    0x08000000   0x08000000   0x000000cc   Data   RO          103    RESET               startup_gd32e23x.o
    0x080000cc   0x080000cc   0x00000000   Code   RO          109  * .ARM.Collect$$$$00000000  mc_p.l(entry.o)
    0x080000cc   0x080000cc   0x00000004   Code   RO          131    .ARM.Collect$$$$00000001  mc_p.l(entry2.o)
    0x080000d0   0x080000d0   0x00000004   Code   RO          134    .ARM.Collect$$$$00000004  mc_p.l(entry5.o)
    0x080000d4   0x080000d4   0x00000000   Code   RO          136    .ARM.Collect$$$$00000008  mc_p.l(entry7b.o)
    0x080000d4   0x080000d4   0x00000000   Code   RO          138    .ARM.Collect$$$$0000000A  mc_p.l(entry8b.o)
    0x080000d4   0x080000d4   0x00000008   Code   RO          139    .ARM.Collect$$$$0000000B  mc_p.l(entry9a.o)
    0x080000dc   0x080000dc   0x00000000   Code   RO          141    .ARM.Collect$$$$0000000D  mc_p.l(entry10a.o)
    0x080000dc   0x080000dc   0x00000000   Code   RO          143    .ARM.Collect$$$$0000000F  mc_p.l(entry11a.o)
    0x080000dc   0x080000dc   0x00000004   Code   RO          132    .ARM.Collect$$$$00002712  mc_p.l(entry2.o)
    0x080000e0   0x080000e0   0x000007d4   Code   RO            1    .text               main.o
    0x080008b4   0x080008b4   0x000005ec   Code   RO           19    .text               bldc.o
    0x08000ea0   0x08000ea0   0x000007c8   Code   RO           43    .text               setup.o
    0x08001668   0x08001668   0x00000144   Code   RO           53    .text               it.o
    0x080017ac   0x080017ac   0x000000ca   Code   RO           62    .text               remotedummy.o
    0x08001876   0x08001876   0x00000002   PAD
    0x08001878   0x08001878   0x00000258   Code   RO           65    .text               commsmasterslave.o
    0x08001ad0   0x08001ad0   0x000009d8   Code   RO           72    .text               gd32e23x_adc.o
    0x080024a8   0x080024a8   0x00000608   Code   RO           74    .text               gd32e23x_dma.o
    0x08002ab0   0x08002ab0   0x000002e0   Code   RO           78    .text               gd32e23x_fwdgt.o
    0x08002d90   0x08002d90   0x0000038c   Code   RO           80    .text               gd32e23x_gpio.o
    0x0800311c   0x0800311c   0x000001dc   Code   RO           84    .text               gd32e23x_misc.o
    0x080032f8   0x080032f8   0x00000c90   Code   RO           89    .text               gd32e23x_rcu.o
    0x08003f88   0x08003f88   0x000016ee   Code   RO           95    .text               gd32e23x_timer.o
    0x08005676   0x08005676   0x00000002   PAD
    0x08005678   0x08005678   0x00000b2c   Code   RO           97    .text               gd32e23x_usart.o
    0x080061a4   0x080061a4   0x0000001c   Code   RO          104    .text               startup_gd32e23x.o
    0x080061c0   0x080061c0   0x000002b0   Code   RO          105    .text               system_gd32e23x.o
    0x08006470   0x08006470   0x000000b2   Code   RO          112    .text               mf_p.l(fadd.o)
    0x08006522   0x08006522   0x0000007a   Code   RO          113    .text               mf_p.l(fmul.o)
    0x0800659c   0x0800659c   0x0000007c   Code   RO          114    .text               mf_p.l(fdiv.o)
    0x08006618   0x08006618   0x00000164   Code   RO          115    .text               mf_p.l(dadd.o)
    0x0800677c   0x0800677c   0x000000d0   Code   RO          116    .text               mf_p.l(dmul.o)
    0x0800684c   0x0800684c   0x000000f0   Code   RO          117    .text               mf_p.l(ddiv.o)
    0x0800693c   0x0800693c   0x0000001c   Code   RO          118    .text               mf_p.l(fcmple.o)
    0x08006958   0x08006958   0x0000001c   Code   RO          119    .text               mf_p.l(fcmplt.o)
    0x08006974   0x08006974   0x0000001c   Code   RO          120    .text               mf_p.l(fcmpge.o)
    0x08006990   0x08006990   0x0000001c   Code   RO          121    .text               mf_p.l(fcmpgt.o)
    0x080069ac   0x080069ac   0x0000002c   Code   RO          122    .text               mf_p.l(dcmple.o)
    0x080069d8   0x080069d8   0x0000002c   Code   RO          123    .text               mf_p.l(dcmpge.o)
    0x08006a04   0x08006a04   0x00000016   Code   RO          124    .text               mf_p.l(fflti.o)
    0x08006a1a   0x08006a1a   0x0000000e   Code   RO          125    .text               mf_p.l(ffltui.o)
    0x08006a28   0x08006a28   0x00000028   Code   RO          126    .text               mf_p.l(dflti.o)
    0x08006a50   0x08006a50   0x00000032   Code   RO          127    .text               mf_p.l(ffixi.o)
    0x08006a82   0x08006a82   0x00000002   PAD
    0x08006a84   0x08006a84   0x00000048   Code   RO          128    .text               mf_p.l(dfixi.o)
    0x08006acc   0x08006acc   0x00000028   Code   RO          129    .text               mf_p.l(f2d.o)
    0x08006af4   0x08006af4   0x00000038   Code   RO          130    .text               mf_p.l(d2f.o)
    0x08006b2c   0x08006b2c   0x00000020   Code   RO          145    .text               mc_p.l(llshl.o)
    0x08006b4c   0x08006b4c   0x00000022   Code   RO          146    .text               mc_p.l(llushr.o)
    0x08006b6e   0x08006b6e   0x00000026   Code   RO          147    .text               mc_p.l(llsshr.o)
    0x08006b94   0x08006b94   0x00000000   Code   RO          148    .text               mc_p.l(iusefp.o)
    0x08006b94   0x08006b94   0x00000082   Code   RO          149    .text               mf_p.l(fepilogue.o)
    0x08006c16   0x08006c16   0x000000be   Code   RO          150    .text               mf_p.l(depilogue.o)
    0x08006cd4   0x08006cd4   0x00000030   Code   RO          153    .text               mc_p.l(init.o)
    0x08006d04   0x08006d04   0x0000002e   Code   RO          152    i.__ARM_clz         mf_p.l(depilogue.o)
    0x08006d32   0x08006d32   0x0000000e   Code   RO          156    i.__scatterload_copy  mc_p.l(handlers.o)
    0x08006d40   0x08006d40   0x00000002   Code   RO          157    i.__scatterload_null  mc_p.l(handlers.o)
    0x08006d42   0x08006d42   0x0000000e   Code   RO          158    i.__scatterload_zeroinit  mc_p.l(handlers.o)
    0x08006d50   0x08006d50   0x00000008   Data   RO           34    .rodata.hall_to_pos  bldc.o
    0x08006d58   0x08006d58   0x000002d4   Data   RO           13    .rodata.lookUpTableAngle  main.o
    0x0800702c   0x0800702c   0x00000020   Data   RO          155    Region$$Table       anon$$obj.o


    Execution Region RW_IRAM1 (Exec base: 0x20000000, Load base: 0x08007050, Size: 0x00000500, Max: 0x00002000, ABSOLUTE)

    Exec Addr    Load Addr    Size         Type   Attr      Idx    E Section Name        Object

    0x20000000   0x08007050   0x00000004   Data   RW          107    .data.SystemCoreClock  system_gd32e23x.o
    0x20000004   0x08007054   0x00000004   Data   RW           22    .data.batteryVoltage  bldc.o
    0x20000008   0x08007058   0x00000001   Data   RW           10    .data.beepsBackwards  main.o
    0x20000009   0x08007059   0x00000003   PAD
    0x2000000c   0x0800705c   0x00000004   Data   RW           23    .data.currentDC     bldc.o
    0x20000010   0x08007060   0x00000002   Data   RW           69    .data.iReceivePos   commsmasterslave.o
    0x20000012   0x08007062   0x00000002   Data   RW           30    .data.offsetdc      bldc.o
    0x20000014   0x08007064   0x00000002   Data   RW            5    .data.speedLimit    main.o
    0x20000016   0x08007066   0x00000001   Data   RW            6    .data.wState        main.o
    0x20000017   0x08007067   0x00000001   Data   RW            7    .data.wStateSlave   main.o
    0x20000018        -       0x00000010   Zero   RW           70    .bss.aReceiveBuffer  commsmasterslave.o
    0x20000028        -       0x00000004   Zero   RW           35    .bss.adc_buffer     bldc.o
    0x2000002c        -       0x00000001   Zero   RW           68    .bss.beepsBackwardsMaster  commsmasterslave.o
    0x2000002d        -       0x00000001   Zero   RW           26    .bss.bldc_enable    bldc.o
    0x2000002e        -       0x00000002   Zero   RW           25    .bss.bldc_inputFilterPwm  bldc.o
    0x20000030        -       0x00000002   Zero   RW           27    .bss.bldc_outputFilterPwm  bldc.o
    0x20000032        -       0x00000002   Zero   RW           28    .bss.buzzerTimer    bldc.o
    0x20000034        -       0x0000001c   Zero   RW           49    .bss.dma_init_struct_adc  setup.o
    0x20000050        -       0x0000001c   Zero   RW           50    .bss.dma_init_struct_usart  setup.o
    0x2000006c        -       0x00000001   Zero   RW           14    .bss.enable         main.o
    0x2000006d   0x08007068   0x00000003   PAD
    0x20000070        -       0x00000004   Zero   RW           41    .bss.filter_reg     bldc.o
    0x20000074        -       0x00000001   Zero   RW           39    .bss.hall           bldc.o
    0x20000075        -       0x00000001   Zero   RW           36    .bss.hall_a         bldc.o
    0x20000076        -       0x00000001   Zero   RW           37    .bss.hall_b         bldc.o
    0x20000077        -       0x00000001   Zero   RW           38    .bss.hall_c         bldc.o
    0x20000078        -       0x00000004   Zero   RW           32    .bss.iOdom          bldc.o
    0x2000007c        -       0x00000004   Zero   RW           16    .bss.iTimeNextLoop  main.o
    0x20000080        -       0x00000004   Zero   RW           12    .bss.inactivity_timeout_counter  main.o
    0x20000084        -       0x00000001   Zero   RW           42    .bss.lastPos        bldc.o
    0x20000085   0x08007068   0x00000003   PAD
    0x20000088        -       0x00000004   Zero   RW           57    .bss.msTicks        it.o
    0x2000008c        -       0x00000010   Zero   RW           17    .bss.oDataSlave     main.o
    0x2000009c        -       0x00000002   Zero   RW           29    .bss.offsetcount    bldc.o
    0x2000009e        -       0x00000001   Zero   RW           40    .bss.pos            bldc.o
    0x2000009f   0x08007068   0x00000001   PAD
    0x200000a0        -       0x00000002   Zero   RW           15    .bss.pwmSlave       main.o
    0x200000a2   0x08007068   0x00000002   PAD
    0x200000a4        -       0x00000004   Zero   RW           24    .bss.realSpeed      bldc.o
    0x200000a8        -       0x00000004   Zero   RW            4    .bss.speed          main.o
    0x200000ac        -       0x00000004   Zero   RW           31    .bss.speedCounter   bldc.o
    0x200000b0        -       0x00000004   Zero   RW            8    .bss.steer          main.o
    0x200000b4        -       0x00000004   Zero   RW            3    .bss.steerCounter   main.o
    0x200000b8        -       0x00000001   Zero   RW           56    .bss.timedOut       it.o
    0x200000b9   0x08007068   0x00000003   PAD
    0x200000bc        -       0x00000004   Zero   RW           55    .bss.timeoutCounter_ms  it.o
    0x200000c0        -       0x00000010   Zero   RW           45    .bss.timeoutTimer_paramter_struct  setup.o
    0x200000d0        -       0x0000000e   Zero   RW           48    .bss.timerBldc_break_parameter_struct  setup.o
    0x200000de        -       0x0000000c   Zero   RW           47    .bss.timerBldc_oc_parameter_struct  setup.o
    0x200000ea   0x08007068   0x00000002   PAD
    0x200000ec        -       0x00000010   Zero   RW           46    .bss.timerBldc_paramter_struct  setup.o
    0x200000fc        -       0x00000001   Zero   RW           52    .bss.usart0_rx_buf  setup.o
    0x200000fd        -       0x00000001   Zero   RW           51    .bss.usart1_rx_buf  setup.o
    0x200000fe   0x08007068   0x00000002   PAD
    0x20000100        -       0x00000400   Zero   RW          101    STACK               startup_gd32e23x.o


==============================================================================

Image component sizes


      Code (inc. data)   RO Data    RW Data    ZI Data      Debug   Object Name

      1516        188          8         10         35          0   bldc.o
       600         56          0          2         17          0   commsmasterslave.o
      2520        220          0          0          0          0   gd32e23x_adc.o
      1544        136          0          0          0          0   gd32e23x_dma.o
       736        132          0          0          0          0   gd32e23x_fwdgt.o
       908         32          0          0          0          0   gd32e23x_gpio.o
       476         44          0          0          0          0   gd32e23x_misc.o
      3216        260          0          0          0          0   gd32e23x_rcu.o
      5870        100          0          0          0          0   gd32e23x_timer.o
      2860         40          0          0          0          0   gd32e23x_usart.o
       324         48          0          0          9          0   it.o
      2004        176        724          5         39          0   main.o
       202         20          0          0          0          0   remotedummy.o
      1992        176          0          0        116          0   setup.o
        28          8        204          0       1024          0   startup_gd32e23x.o
       688         84          0          4          0          0   system_gd32e23x.o

    ----------------------------------------------------------------------
     25488       1720        968         24       1256          0   Object Totals
         0          0         32          0          0          0   (incl. Generated)
         4          0          0          3         16          0   (incl. Padding)

    ----------------------------------------------------------------------

      Code (inc. data)   RO Data    RW Data    ZI Data      Debug   Library Member Name

         0          0          0          0          0          0   entry.o
         0          0          0          0          0          0   entry10a.o
         0          0          0          0          0          0   entry11a.o
         8          4          0          0          0          0   entry2.o
         4          0          0          0          0          0   entry5.o
         0          0          0          0          0          0   entry7b.o
         0          0          0          0          0          0   entry8b.o
         8          4          0          0          0          0   entry9a.o
        30          0          0          0          0          0   handlers.o
        48         10          0          0          0          0   init.o
         0          0          0          0          0          0   iusefp.o
        32          0          0          0          0          0   llshl.o
        38          0          0          0          0          0   llsshr.o
        34          0          0          0          0          0   llushr.o
        56          0          0          0          0          0   d2f.o
       356          4          0          0          0          0   dadd.o
        44          0          0          0          0          0   dcmpge.o
        44          0          0          0          0          0   dcmple.o
       240          6          0          0          0          0   ddiv.o
       236          0          0          0          0          0   depilogue.o
        72         10          0          0          0          0   dfixi.o
        40          6          0          0          0          0   dflti.o
       208          6          0          0          0          0   dmul.o
        40          0          0          0          0          0   f2d.o
       178          0          0          0          0          0   fadd.o
        28          0          0          0          0          0   fcmpge.o
        28          0          0          0          0          0   fcmpgt.o
        28          0          0          0          0          0   fcmple.o
        28          0          0          0          0          0   fcmplt.o
       124          0          0          0          0          0   fdiv.o
       130          0          0          0          0          0   fepilogue.o
        50          0          0          0          0          0   ffixi.o
        22          0          0          0          0          0   fflti.o
        14          0          0          0          0          0   ffltui.o
       122          0          0          0          0          0   fmul.o

    ----------------------------------------------------------------------
      2292         50          0          0          0          0   Library Totals
         2          0          0          0          0          0   (incl. Padding)

    ----------------------------------------------------------------------

      Code (inc. data)   RO Data    RW Data    ZI Data      Debug   Library Name

       202         18          0          0          0          0   mc_p.l
      2088         32          0          0          0          0   mf_p.l

    ----------------------------------------------------------------------
      2292         50          0          0          0          0   Library Totals

    ----------------------------------------------------------------------

==============================================================================


      Code (inc. data)   RO Data    RW Data    ZI Data      Debug   

     27780       1770        968         24       1256          0   Grand Totals
     27780       1770        968         24       1256          0   ELF Image Totals
     27780       1770        968         24          0          0   ROM Totals

==============================================================================

    Total RO  Size (Code + RO Data)                28748 (  28.07kB)
    Total RW  Size (RW Data + ZI Data)              1280 (   1.25kB)
    Total ROM Size (Code + RO Data + RW Data)      28772 (  28.10kB)

==============================================================================

